
===========================================================================
 report_power
============================================================================
======================= nom_tt_025C_1v80 Corner ===================================

Group                    Internal    Switching      Leakage        Total
                            Power        Power        Power        Power (Watts)
------------------------------------------------------------------------
Sequential           1.679412e-06 2.359602e-08 8.111877e-12 1.703016e-06   9.6%
Combinational        9.030022e-06 6.973816e-06 4.664922e-10 1.600430e-05  90.4%
Clock                0.000000e+00 0.000000e+00 1.425617e-10 1.425617e-10   0.0%
Macro                0.000000e+00 0.000000e+00 0.000000e+00 0.000000e+00   0.0%
Pad                  0.000000e+00 0.000000e+00 0.000000e+00 0.000000e+00   0.0%
------------------------------------------------------------------------
Total                1.070943e-05 6.997412e-06 6.171655e-10 1.770746e-05 100.0%
                            60.5%        39.5%         0.0%
Writing metric power__internal__total: 1.070943380909739e-5
Writing metric power__switching__total: 6.997411674092291e-6
Writing metric power__leakage__total: 6.171655408948595e-10
Writing metric power__total: 1.7707461665850133e-5

