
===========================================================================
report_checks -path_delay max (Setup)
============================================================================
======================= nom_tt_025C_1v80 Corner ===================================

Startpoint: a[30] (input port clocked by clk)
Endpoint: _228_ (rising edge-triggered flip-flop clocked by clk)
Path Group: clk
Path Type: max

Fanout         Cap        Slew       Delay        Time   Description
---------------------------------------------------------------------------------------------
                                  0.000000    0.000000   clock clk (rise edge)
                                  0.000000    0.000000   clock network delay (propagated)
                                  1.000000    1.000000 ^ input external delay
     1    0.005713    0.032417    0.020172    1.020172 ^ a[30] (in)
                                                         a[30] (net)
                      0.032418    0.000000    1.020172 ^ input24/A (sky130_fd_sc_hd__buf_6)
     2    0.007378    0.028702    0.081632    1.101803 ^ input24/X (sky130_fd_sc_hd__buf_6)
                                                         net24 (net)
                      0.028702    0.000152    1.101956 ^ _133_/A_N (sky130_fd_sc_hd__and2b_1)
     2    0.005376    0.044493    0.174727    1.276683 v _133_/X (sky130_fd_sc_hd__and2b_1)
                                                         _099_ (net)
                      0.044494    0.000144    1.276827 v _137_/B1 (sky130_fd_sc_hd__a2111o_1)
     2    0.004938    0.069722    0.390317    1.667144 v _137_/X (sky130_fd_sc_hd__a2111o_1)
                                                         _103_ (net)
                      0.069722    0.000111    1.667256 v _141_/A (sky130_fd_sc_hd__or4b_4)
     3    0.009555    0.093730    0.554989    2.222244 v _141_/X (sky130_fd_sc_hd__or4b_4)
                                                         _107_ (net)
                      0.093730    0.000270    2.222514 v _152_/A (sky130_fd_sc_hd__or3_4)
     2    0.006261    0.068691    0.401870    2.624385 v _152_/X (sky130_fd_sc_hd__or3_4)
                                                         _005_ (net)
                      0.068691    0.000156    2.624540 v _163_/B (sky130_fd_sc_hd__or2_4)
     1    0.002966    0.043493    0.226327    2.850868 v _163_/X (sky130_fd_sc_hd__or2_4)
                                                         _016_ (net)
                      0.043493    0.000064    2.850932 v _227_/A1 (sky130_fd_sc_hd__o31a_1)
     1    0.002443    0.044966    0.283257    3.134189 v _227_/X (sky130_fd_sc_hd__o31a_1)
                                                         _000_ (net)
                      0.044966    0.000071    3.134260 v _228_/D (sky130_fd_sc_hd__dfxtp_1)
                                              3.134260   data arrival time

                                  5.000000    5.000000   clock clk (rise edge)
                                  0.000000    5.000000   clock source latency
     1    0.004770    0.028291    0.017143    5.017143 ^ clk (in)
                                                         clk (net)
                      0.028292    0.000000    5.017143 ^ _228_/CLK (sky130_fd_sc_hd__dfxtp_1)
                                 -0.250000    4.767143   clock uncertainty
                                  0.000000    4.767143   clock reconvergence pessimism
                                 -0.114419    4.652724   library setup time
                                              4.652724   data required time
---------------------------------------------------------------------------------------------
                                              4.652724   data required time
                                             -3.134260   data arrival time
---------------------------------------------------------------------------------------------
                                              1.518465   slack (MET)


Startpoint: _228_ (rising edge-triggered flip-flop clocked by clk)
Endpoint: z (output port clocked by clk)
Path Group: clk
Path Type: max

Fanout         Cap        Slew       Delay        Time   Description
---------------------------------------------------------------------------------------------
                                  0.000000    0.000000   clock clk (rise edge)
                                  0.000000    0.000000   clock source latency
     1    0.004770    0.028291    0.017143    0.017143 ^ clk (in)
                                                         clk (net)
                      0.028292    0.000000    0.017143 ^ _228_/CLK (sky130_fd_sc_hd__dfxtp_1)
     1    0.005488    0.063376    0.311352    0.328495 ^ _228_/Q (sky130_fd_sc_hd__dfxtp_1)
                                                         net65 (net)
                      0.063377    0.000210    0.328705 ^ output65/A (sky130_fd_sc_hd__buf_2)
     1    0.034245    0.170196    0.204779    0.533484 ^ output65/X (sky130_fd_sc_hd__buf_2)
                                                         z (net)
                      0.170199    0.000660    0.534144 ^ z (out)
                                              0.534144   data arrival time

                                  5.000000    5.000000   clock clk (rise edge)
                                  0.000000    5.000000   clock network delay (propagated)
                                 -0.250000    4.750000   clock uncertainty
                                  0.000000    4.750000   clock reconvergence pessimism
                                 -1.000000    3.750000   output external delay
                                              3.750000   data required time
---------------------------------------------------------------------------------------------
                                              3.750000   data required time
                                             -0.534144   data arrival time
---------------------------------------------------------------------------------------------
                                              3.215856   slack (MET)



