
===========================================================================
 report_power
============================================================================
======================= nom_tt_025C_1v80 Corner ===================================

Group                    Internal    Switching      Leakage        Total
                            Power        Power        Power        Power (Watts)
------------------------------------------------------------------------
Sequential           8.363076e-06 1.203514e-07 8.111877e-12 8.483436e-06   9.2%
Combinational        4.744232e-05 3.642696e-05 4.881942e-10 8.386977e-05  90.8%
Clock                0.000000e+00 0.000000e+00 2.106028e-10 2.106028e-10   0.0%
Macro                0.000000e+00 0.000000e+00 0.000000e+00 0.000000e+00   0.0%
Pad                  0.000000e+00 0.000000e+00 0.000000e+00 0.000000e+00   0.0%
------------------------------------------------------------------------
Total                5.580540e-05 3.654731e-05 7.069093e-10 9.235342e-05 100.0%
                            60.4%        39.6%         0.0%

