
===========================================================================
report_checks -path_delay max (Setup)
============================================================================
======================= max_tt_025C_1v80 Corner ===================================

Startpoint: a[30] (input port clocked by clk)
Endpoint: _228_ (rising edge-triggered flip-flop clocked by clk)
Path Group: clk
Path Type: max

Fanout         Cap        Slew       Delay        Time   Description
---------------------------------------------------------------------------------------------
                                  0.000000    0.000000   clock clk (rise edge)
                                  0.000000    0.000000   clock network delay (propagated)
                                  5.000000    5.000000 ^ input external delay
     1    0.003084    0.020962    0.011358    5.011358 ^ a[30] (in)
                                                         a[30] (net)
                      0.020964    0.000000    5.011358 ^ input24/A (sky130_fd_sc_hd__buf_1)
     2    0.007465    0.096027    0.109240    5.120598 ^ input24/X (sky130_fd_sc_hd__buf_1)
                                                         net24 (net)
                      0.096030    0.000389    5.120988 ^ _133_/A_N (sky130_fd_sc_hd__and2b_1)
     2    0.006211    0.048178    0.199565    5.320553 v _133_/X (sky130_fd_sc_hd__and2b_1)
                                                         _099_ (net)
                      0.048184    0.000424    5.320977 v _137_/B1 (sky130_fd_sc_hd__a2111o_1)
     2    0.005477    0.072381    0.395107    5.716084 v _137_/X (sky130_fd_sc_hd__a2111o_1)
                                                         _103_ (net)
                      0.072383    0.000334    5.716417 v _141_/A (sky130_fd_sc_hd__or4b_1)
     3    0.008556    0.119306    0.573310    6.289727 v _141_/X (sky130_fd_sc_hd__or4b_1)
                                                         _107_ (net)
                      0.119309    0.000486    6.290213 v _152_/A (sky130_fd_sc_hd__or3_1)
     2    0.006105    0.083299    0.412860    6.703073 v _152_/X (sky130_fd_sc_hd__or3_1)
                                                         _005_ (net)
                      0.083303    0.000453    6.703526 v _163_/A (sky130_fd_sc_hd__or2_1)
     1    0.002937    0.048655    0.235145    6.938671 v _163_/X (sky130_fd_sc_hd__or2_1)
                                                         _016_ (net)
                      0.048655    0.000142    6.938813 v _227_/A1 (sky130_fd_sc_hd__o31a_1)
     1    0.002586    0.045757    0.286325    7.225138 v _227_/X (sky130_fd_sc_hd__o31a_1)
                                                         _000_ (net)
                      0.045757    0.000186    7.225324 v _228_/D (sky130_fd_sc_hd__dfxtp_1)
                                              7.225324   data arrival time

                                 25.000000   25.000000   clock clk (rise edge)
                                  0.000000   25.000000   clock source latency
     1    0.005137    0.029896    0.018385   25.018385 ^ clk (in)
                                                         clk (net)
                      0.029899    0.000000   25.018385 ^ _228_/CLK (sky130_fd_sc_hd__dfxtp_1)
                                 -0.250000   24.768385   clock uncertainty
                                  0.000000   24.768385   clock reconvergence pessimism
                                 -0.114391   24.653996   library setup time
                                             24.653996   data required time
---------------------------------------------------------------------------------------------
                                             24.653996   data required time
                                             -7.225324   data arrival time
---------------------------------------------------------------------------------------------
                                             17.428673   slack (MET)


Startpoint: _228_ (rising edge-triggered flip-flop clocked by clk)
Endpoint: z (output port clocked by clk)
Path Group: clk
Path Type: max

Fanout         Cap        Slew       Delay        Time   Description
---------------------------------------------------------------------------------------------
                                  0.000000    0.000000   clock clk (rise edge)
                                  0.000000    0.000000   clock source latency
     1    0.005137    0.029896    0.018385    0.018385 ^ clk (in)
                                                         clk (net)
                      0.029899    0.000000    0.018385 ^ _228_/CLK (sky130_fd_sc_hd__dfxtp_1)
     1    0.006556    0.072708    0.318808    0.337194 ^ _228_/Q (sky130_fd_sc_hd__dfxtp_1)
                                                         net65 (net)
                      0.072715    0.000594    0.337787 ^ output65/A (sky130_fd_sc_hd__buf_2)
     1    0.034327    0.170809    0.207794    0.545582 ^ output65/X (sky130_fd_sc_hd__buf_2)
                                                         z (net)
                      0.170832    0.001652    0.547233 ^ z (out)
                                              0.547233   data arrival time

                                 25.000000   25.000000   clock clk (rise edge)
                                  0.000000   25.000000   clock network delay (propagated)
                                 -0.250000   24.750000   clock uncertainty
                                  0.000000   24.750000   clock reconvergence pessimism
                                 -5.000000   19.750000   output external delay
                                             19.750000   data required time
---------------------------------------------------------------------------------------------
                                             19.750000   data required time
                                             -0.547233   data arrival time
---------------------------------------------------------------------------------------------
                                             19.202766   slack (MET)



