
===========================================================================
report_checks -unconstrained
===========================================================================
======================= max_ss_100C_1v60 Corner ===================================

Startpoint: a[30] (input port clocked by clk)
Endpoint: _228_ (rising edge-triggered flip-flop clocked by clk)
Path Group: clk
Path Type: max

Fanout         Cap        Slew       Delay        Time   Description
---------------------------------------------------------------------------------------------
                                  0.000000    0.000000   clock clk (rise edge)
                                  0.000000    0.000000   clock network delay (propagated)
                                  5.000000    5.000000 ^ input external delay
     1    0.003018    0.033689    0.016989    5.016989 ^ a[30] (in)
                                                         a[30] (net)
                      0.033690    0.000000    5.016989 ^ input24/A (sky130_fd_sc_hd__buf_1)
     2    0.007336    0.152947    0.193290    5.210279 ^ input24/X (sky130_fd_sc_hd__buf_1)
                                                         net24 (net)
                      0.152948    0.000380    5.210659 ^ _133_/A_N (sky130_fd_sc_hd__and2b_1)
     2    0.006319    0.094161    0.422082    5.632740 v _133_/X (sky130_fd_sc_hd__and2b_1)
                                                         _099_ (net)
                      0.094164    0.000432    5.633173 v _137_/B1 (sky130_fd_sc_hd__a2111o_1)
     2    0.005463    0.135089    0.777269    6.410442 v _137_/X (sky130_fd_sc_hd__a2111o_1)
                                                         _103_ (net)
                      0.135091    0.000331    6.410773 v _141_/A (sky130_fd_sc_hd__or4b_1)
     3    0.008488    0.243880    1.330213    7.740986 v _141_/X (sky130_fd_sc_hd__or4b_1)
                                                         _107_ (net)
                      0.243881    0.000481    7.741467 v _152_/A (sky130_fd_sc_hd__or3_1)
     2    0.006098    0.169823    0.959105    8.700571 v _152_/X (sky130_fd_sc_hd__or3_1)
                                                         _005_ (net)
                      0.169825    0.000450    8.701021 v _163_/A (sky130_fd_sc_hd__or2_1)
     1    0.002977    0.098501    0.536364    9.237386 v _163_/X (sky130_fd_sc_hd__or2_1)
                                                         _016_ (net)
                      0.098501    0.000144    9.237529 v _227_/A1 (sky130_fd_sc_hd__o31a_1)
     1    0.002525    0.082656    0.556644    9.794174 v _227_/X (sky130_fd_sc_hd__o31a_1)
                                                         _000_ (net)
                      0.082656    0.000180    9.794354 v _228_/D (sky130_fd_sc_hd__dfxtp_1)
                                              9.794354   data arrival time

                                 25.000000   25.000000   clock clk (rise edge)
                                  0.000000   25.000000   clock source latency
     1    0.004978    0.047041    0.027363   25.027363 ^ clk (in)
                                                         clk (net)
                      0.047042    0.000000   25.027363 ^ _228_/CLK (sky130_fd_sc_hd__dfxtp_1)
                                 -0.250000   24.777363   clock uncertainty
                                  0.000000   24.777363   clock reconvergence pessimism
                                 -0.280426   24.496937   library setup time
                                             24.496937   data required time
---------------------------------------------------------------------------------------------
                                             24.496937   data required time
                                             -9.794354   data arrival time
---------------------------------------------------------------------------------------------
                                             14.702582   slack (MET)




===========================================================================
report_checks --slack_max -0.01
============================================================================
======================= max_ss_100C_1v60 Corner ===================================

No paths found.


===========================================================================
 report_check_types -max_slew -max_cap -max_fanout -violators
============================================================================
======================= max_ss_100C_1v60 Corner ===================================



===========================================================================
report_parasitic_annotation -report_unannotated
============================================================================
Found 0 unannotated drivers.
Found 0 partially unannotated drivers.

===========================================================================
max slew violation count 0
max fanout violation count 0
max cap violation count 0
============================================================================

===========================================================================
check_setup -verbose -unconstrained_endpoints -multiple_clock -no_clock -no_input_delay -loops -generated_clocks
===========================================================================
