
===========================================================================
report_checks -path_delay max (Setup)
============================================================================
======================= min_ff_n40C_1v95 Corner ===================================

Startpoint: a[30] (input port clocked by clk)
Endpoint: _228_ (rising edge-triggered flip-flop clocked by clk)
Path Group: clk
Path Type: max

Fanout         Cap        Slew       Delay        Time   Description
---------------------------------------------------------------------------------------------
                                  0.000000    0.000000   clock clk (rise edge)
                                  0.000000    0.000000   clock network delay (propagated)
                                  5.000000    5.000000 ^ input external delay
     1    0.003039    0.014774    0.007845    5.007845 ^ a[30] (in)
                                                         a[30] (net)
                      0.014774    0.000000    5.007845 ^ input24/A (sky130_fd_sc_hd__buf_1)
     2    0.007350    0.070150    0.074738    5.082583 ^ input24/X (sky130_fd_sc_hd__buf_1)
                                                         net24 (net)
                      0.070150    0.000052    5.082635 ^ _133_/A_N (sky130_fd_sc_hd__and2b_1)
     2    0.006055    0.034051    0.121952    5.204587 v _133_/X (sky130_fd_sc_hd__and2b_1)
                                                         _099_ (net)
                      0.034052    0.000071    5.204658 v _137_/B1 (sky130_fd_sc_hd__a2111o_1)
     2    0.005202    0.049610    0.185039    5.389697 v _137_/X (sky130_fd_sc_hd__a2111o_1)
                                                         _103_ (net)
                      0.049610    0.000058    5.389755 v _141_/A (sky130_fd_sc_hd__or4b_1)
     3    0.008181    0.076701    0.326749    5.716504 v _141_/X (sky130_fd_sc_hd__or4b_1)
                                                         _107_ (net)
                      0.076702    0.000107    5.716611 v _152_/A (sky130_fd_sc_hd__or3_1)
     2    0.005772    0.054023    0.236540    5.953151 v _152_/X (sky130_fd_sc_hd__or3_1)
                                                         _005_ (net)
                      0.054024    0.000094    5.953245 v _163_/A (sky130_fd_sc_hd__or2_1)
     1    0.002855    0.032438    0.137986    6.091231 v _163_/X (sky130_fd_sc_hd__or2_1)
                                                         _016_ (net)
                      0.032438    0.000017    6.091248 v _227_/A1 (sky130_fd_sc_hd__o31a_1)
     1    0.002550    0.033262    0.174464    6.265713 v _227_/X (sky130_fd_sc_hd__o31a_1)
                                                         _000_ (net)
                      0.033262    0.000027    6.265739 v _228_/D (sky130_fd_sc_hd__dfxtp_1)
                                              6.265739   data arrival time

                                 25.000000   25.000000   clock clk (rise edge)
                                  0.000000   25.000000   clock source latency
     1    0.004636    0.020465    0.012063   25.012062 ^ clk (in)
                                                         clk (net)
                      0.020466    0.000000   25.012062 ^ _228_/CLK (sky130_fd_sc_hd__dfxtp_1)
                                 -0.250000   24.762064   clock uncertainty
                                  0.000000   24.762064   clock reconvergence pessimism
                                 -0.071564   24.690498   library setup time
                                             24.690498   data required time
---------------------------------------------------------------------------------------------
                                             24.690498   data required time
                                             -6.265739   data arrival time
---------------------------------------------------------------------------------------------
                                             18.424759   slack (MET)


Startpoint: _228_ (rising edge-triggered flip-flop clocked by clk)
Endpoint: z (output port clocked by clk)
Path Group: clk
Path Type: max

Fanout         Cap        Slew       Delay        Time   Description
---------------------------------------------------------------------------------------------
                                  0.000000    0.000000   clock clk (rise edge)
                                  0.000000    0.000000   clock source latency
     1    0.004636    0.020465    0.012063    0.012063 ^ clk (in)
                                                         clk (net)
                      0.020466    0.000000    0.012063 ^ _228_/CLK (sky130_fd_sc_hd__dfxtp_1)
     1    0.005764    0.048583    0.195623    0.207686 ^ _228_/Q (sky130_fd_sc_hd__dfxtp_1)
                                                         net65 (net)
                      0.048583    0.000139    0.207826 ^ output65/A (sky130_fd_sc_hd__buf_2)
     1    0.034181    0.127809    0.142651    0.350476 ^ output65/X (sky130_fd_sc_hd__buf_2)
                                                         z (net)
                      0.127810    0.000201    0.350677 ^ z (out)
                                              0.350677   data arrival time

                                 25.000000   25.000000   clock clk (rise edge)
                                  0.000000   25.000000   clock network delay (propagated)
                                 -0.250000   24.750000   clock uncertainty
                                  0.000000   24.750000   clock reconvergence pessimism
                                 -5.000000   19.750000   output external delay
                                             19.750000   data required time
---------------------------------------------------------------------------------------------
                                             19.750000   data required time
                                             -0.350677   data arrival time
---------------------------------------------------------------------------------------------
                                             19.399323   slack (MET)



