
===========================================================================
 report_power
============================================================================
======================= min_ff_n40C_1v95 Corner ===================================

Group                    Internal    Switching      Leakage        Total
                            Power        Power        Power        Power (Watts)
------------------------------------------------------------------------
Sequential           1.940790e-06 2.967451e-08 1.443827e-11 1.970479e-06   9.8%
Combinational        9.775446e-06 8.288978e-06 5.631692e-10 1.806499e-05  90.2%
Clock                0.000000e+00 0.000000e+00 2.661751e-10 2.661751e-10   0.0%
Macro                0.000000e+00 0.000000e+00 0.000000e+00 0.000000e+00   0.0%
Pad                  0.000000e+00 0.000000e+00 0.000000e+00 0.000000e+00   0.0%
------------------------------------------------------------------------
Total                1.171624e-05 8.318651e-06 8.437830e-10 2.003573e-05 100.0%
                            58.5%        41.5%         0.0%

