
===========================================================================
 report_power
============================================================================
======================= nom_ss_100C_1v60 Corner ===================================

Group                    Internal    Switching      Leakage        Total
                            Power        Power        Power        Power (Watts)
------------------------------------------------------------------------
Sequential           1.313550e-06 2.352307e-08 1.351832e-08 1.350591e-06   8.6%
Combinational        7.494605e-06 6.062542e-06 7.976118e-07 1.435476e-05  91.4%
Clock                0.000000e+00 0.000000e+00 7.830284e-10 7.830284e-10   0.0%
Macro                0.000000e+00 0.000000e+00 0.000000e+00 0.000000e+00   0.0%
Pad                  0.000000e+00 0.000000e+00 0.000000e+00 0.000000e+00   0.0%
------------------------------------------------------------------------
Total                8.808156e-06 6.086065e-06 8.119132e-07 1.570613e-05 100.0%
                            56.1%        38.7%         5.2%

