
===========================================================================
report_checks -path_delay max (Setup)
============================================================================
======================= nom_ss_100C_1v60 Corner ===================================

Startpoint: a[30] (input port clocked by clk)
Endpoint: _228_ (rising edge-triggered flip-flop clocked by clk)
Path Group: clk
Path Type: max

Fanout         Cap        Slew       Delay        Time   Description
---------------------------------------------------------------------------------------------
                                  0.000000    0.000000   clock clk (rise edge)
                                  0.000000    0.000000   clock network delay (propagated)
                                  5.000000    5.000000 ^ input external delay
     1    0.002959    0.033301    0.016628    5.016628 ^ a[30] (in)
                                                         a[30] (net)
                      0.033301    0.000000    5.016628 ^ input24/A (sky130_fd_sc_hd__buf_1)
     2    0.007212    0.150689    0.191684    5.208312 ^ input24/X (sky130_fd_sc_hd__buf_1)
                                                         net24 (net)
                      0.150689    0.000148    5.208460 ^ _133_/A_N (sky130_fd_sc_hd__and2b_1)
     2    0.006162    0.092864    0.419975    5.628435 v _133_/X (sky130_fd_sc_hd__and2b_1)
                                                         _099_ (net)
                      0.092864    0.000176    5.628612 v _137_/B1 (sky130_fd_sc_hd__a2111o_1)
     2    0.005238    0.133225    0.774210    6.402821 v _137_/X (sky130_fd_sc_hd__a2111o_1)
                                                         _103_ (net)
                      0.133225    0.000138    6.402959 v _141_/A (sky130_fd_sc_hd__or4b_1)
     3    0.008230    0.240756    1.325432    7.728391 v _141_/X (sky130_fd_sc_hd__or4b_1)
                                                         _107_ (net)
                      0.240756    0.000214    7.728605 v _152_/A (sky130_fd_sc_hd__or3_1)
     2    0.005873    0.167776    0.954978    8.683583 v _152_/X (sky130_fd_sc_hd__or3_1)
                                                         _005_ (net)
                      0.167776    0.000196    8.683780 v _163_/A (sky130_fd_sc_hd__or2_1)
     1    0.002950    0.098240    0.535150    9.218929 v _163_/X (sky130_fd_sc_hd__or2_1)
                                                         _016_ (net)
                      0.098240    0.000063    9.218992 v _227_/A1 (sky130_fd_sc_hd__o31a_1)
     1    0.002468    0.082177    0.555797    9.774789 v _227_/X (sky130_fd_sc_hd__o31a_1)
                                                         _000_ (net)
                      0.082177    0.000070    9.774859 v _228_/D (sky130_fd_sc_hd__dfxtp_1)
                                              9.774859   data arrival time

                                 25.000000   25.000000   clock clk (rise edge)
                                  0.000000   25.000000   clock source latency
     1    0.004655    0.044835    0.025615   25.025614 ^ clk (in)
                                                         clk (net)
                      0.044836    0.000000   25.025614 ^ _228_/CLK (sky130_fd_sc_hd__dfxtp_1)
                                 -0.250000   24.775616   clock uncertainty
                                  0.000000   24.775616   clock reconvergence pessimism
                                 -0.280821   24.494795   library setup time
                                             24.494795   data required time
---------------------------------------------------------------------------------------------
                                             24.494795   data required time
                                             -9.774859   data arrival time
---------------------------------------------------------------------------------------------
                                             14.719935   slack (MET)


Startpoint: _228_ (rising edge-triggered flip-flop clocked by clk)
Endpoint: z (output port clocked by clk)
Path Group: clk
Path Type: max

Fanout         Cap        Slew       Delay        Time   Description
---------------------------------------------------------------------------------------------
                                  0.000000    0.000000   clock clk (rise edge)
                                  0.000000    0.000000   clock source latency
     1    0.004655    0.044835    0.025615    0.025615 ^ clk (in)
                                                         clk (net)
                      0.044836    0.000000    0.025615 ^ _228_/CLK (sky130_fd_sc_hd__dfxtp_1)
     1    0.006123    0.112608    0.648993    0.674607 ^ _228_/Q (sky130_fd_sc_hd__dfxtp_1)
                                                         net65 (net)
                      0.112608    0.000257    0.674864 ^ output65/A (sky130_fd_sc_hd__buf_2)
     1    0.034245    0.272123    0.363268    1.038132 ^ output65/X (sky130_fd_sc_hd__buf_2)
                                                         z (net)
                      0.272125    0.000660    1.038792 ^ z (out)
                                              1.038792   data arrival time

                                 25.000000   25.000000   clock clk (rise edge)
                                  0.000000   25.000000   clock network delay (propagated)
                                 -0.250000   24.750000   clock uncertainty
                                  0.000000   24.750000   clock reconvergence pessimism
                                 -5.000000   19.750000   output external delay
                                             19.750000   data required time
---------------------------------------------------------------------------------------------
                                             19.750000   data required time
                                             -1.038792   data arrival time
---------------------------------------------------------------------------------------------
                                             18.711206   slack (MET)



