
===========================================================================
 report_power
============================================================================
======================= nom_ss_100C_1v60 Corner ===================================

Group                    Internal    Switching      Leakage        Total
                            Power        Power        Power        Power (Watts)
------------------------------------------------------------------------
Sequential           1.320035e-06 2.122193e-08 1.351832e-08 1.354775e-06   8.9%
Combinational        7.466501e-06 5.572778e-06 7.976118e-07 1.383689e-05  91.1%
Clock                0.000000e+00 0.000000e+00 2.193723e-10 2.193723e-10   0.0%
Macro                0.000000e+00 0.000000e+00 0.000000e+00 0.000000e+00   0.0%
Pad                  0.000000e+00 0.000000e+00 0.000000e+00 0.000000e+00   0.0%
------------------------------------------------------------------------
Total                8.786536e-06 5.594000e-06 8.113495e-07 1.519189e-05 100.0%
                            57.8%        36.8%         5.3%

