
===========================================================================
 report_power
============================================================================
======================= nom_tt_025C_1v80 Corner ===================================

Group                    Internal    Switching      Leakage        Total
                            Power        Power        Power        Power (Watts)
------------------------------------------------------------------------
Sequential           1.693294e-06 1.639072e-07 7.616781e-12 1.857209e-06  11.7%
Combinational        9.410000e-06 4.604758e-06 3.893822e-10 1.401515e-05  88.3%
Clock                0.000000e+00 0.000000e+00 2.008823e-10 2.008823e-10   0.0%
Macro                0.000000e+00 0.000000e+00 0.000000e+00 0.000000e+00   0.0%
Pad                  0.000000e+00 0.000000e+00 0.000000e+00 0.000000e+00   0.0%
------------------------------------------------------------------------
Total                1.110329e-05 4.768666e-06 5.978807e-10 1.587256e-05 100.0%
                            70.0%        30.0%         0.0%
Writing metric power__internal__total: 1.1103293218184263e-5
Writing metric power__switching__total: 4.7686658035672735e-6
Writing metric power__leakage__total: 5.978807449125156e-10
Writing metric power__total: 1.5872557924012654e-5

