
===========================================================================
 report_power
============================================================================
======================= nom_ff_n40C_1v95 Corner ===================================

Group                    Internal    Switching      Leakage        Total
                            Power        Power        Power        Power (Watts)
------------------------------------------------------------------------
Sequential           1.957902e-06 1.721550e-07 1.453570e-11 2.130072e-06  12.6%
Combinational        1.031893e-05 4.507738e-06 9.623912e-10 1.482763e-05  87.4%
Clock                0.000000e+00 0.000000e+00 0.000000e+00 0.000000e+00   0.0%
Macro                0.000000e+00 0.000000e+00 0.000000e+00 0.000000e+00   0.0%
Pad                  0.000000e+00 0.000000e+00 0.000000e+00 0.000000e+00   0.0%
------------------------------------------------------------------------
Total                1.227684e-05 4.679893e-06 9.769269e-10 1.695771e-05 100.0%
                            72.4%        27.6%         0.0%

