
===========================================================================
 report_power
============================================================================
======================= nom_ss_100C_1v60 Corner ===================================

Group                    Internal    Switching      Leakage        Total
                            Power        Power        Power        Power (Watts)
------------------------------------------------------------------------
Sequential           6.601149e-06 9.415670e-08 1.351832e-08 6.708824e-06   8.9%
Combinational        3.912685e-05 2.844871e-05 8.308733e-07 6.840644e-05  91.1%
Clock                0.000000e+00 0.000000e+00 2.030039e-10 2.030039e-10   0.0%
Macro                0.000000e+00 0.000000e+00 0.000000e+00 0.000000e+00   0.0%
Pad                  0.000000e+00 0.000000e+00 0.000000e+00 0.000000e+00   0.0%
------------------------------------------------------------------------
Total                4.572800e-05 2.854287e-05 8.445946e-07 7.511546e-05 100.0%
                            60.9%        38.0%         1.1%

