
===========================================================================
 report_power
============================================================================
======================= max_ff_n40C_1v95 Corner ===================================

Group                    Internal    Switching      Leakage        Total
                            Power        Power        Power        Power (Watts)
------------------------------------------------------------------------
Sequential           1.933823e-06 4.646853e-08 1.443827e-11 1.980306e-06   9.0%
Combinational        9.792845e-06 1.032684e-05 5.631692e-10 2.012025e-05  91.0%
Clock                2.663508e-09 0.000000e+00 5.703819e-10 3.233890e-09   0.0%
Macro                0.000000e+00 0.000000e+00 0.000000e+00 0.000000e+00   0.0%
Pad                  0.000000e+00 0.000000e+00 0.000000e+00 0.000000e+00   0.0%
------------------------------------------------------------------------
Total                1.172933e-05 1.037331e-05 1.147994e-09 2.210379e-05 100.0%
                            53.1%        46.9%         0.0%

