
===========================================================================
 report_power
============================================================================
======================= nom_tt_025C_1v80 Corner ===================================

Group                    Internal    Switching      Leakage        Total
                            Power        Power        Power        Power (Watts)
------------------------------------------------------------------------
Sequential           1.678998e-06 1.547836e-08 8.111877e-12 1.694485e-06  10.0%
Combinational        9.027905e-06 6.143320e-06 4.664922e-10 1.517169e-05  90.0%
Clock                0.000000e+00 0.000000e+00 1.036812e-10 1.036812e-10   0.0%
Macro                0.000000e+00 0.000000e+00 0.000000e+00 0.000000e+00   0.0%
Pad                  0.000000e+00 0.000000e+00 0.000000e+00 0.000000e+00   0.0%
------------------------------------------------------------------------
Total                1.070690e-05 6.158798e-06 5.782853e-10 1.686628e-05 100.0%
                            63.5%        36.5%         0.0%
Writing metric power__internal__total: 1.0706903594837058e-5
Writing metric power__switching__total: 6.158798441902036e-6
Writing metric power__leakage__total: 5.782853085278816e-10
Writing metric power__total: 1.6866280930116773e-5

