
===========================================================================
report_checks -path_delay max (Setup)
============================================================================
======================= min_ff_n40C_1v95 Corner ===================================

Startpoint: a[30] (input port clocked by clk)
Endpoint: _228_ (rising edge-triggered flip-flop clocked by clk)
Path Group: clk
Path Type: max

Fanout         Cap        Slew       Delay        Time   Description
---------------------------------------------------------------------------------------------
                                  0.000000    0.000000   clock clk (rise edge)
                                  0.000000    0.000000   clock network delay (propagated)
                                  5.000000    5.000000 ^ input external delay
     1    0.003443    0.016222    0.008914    5.008914 ^ a[30] (in)
                                                         a[30] (net)
                      0.016222    0.000000    5.008914 ^ input24/A (sky130_fd_sc_hd__buf_1)
     2    0.007606    0.072319    0.076649    5.085563 ^ input24/X (sky130_fd_sc_hd__buf_1)
                                                         net24 (net)
                      0.072319    0.000057    5.085620 ^ _133_/A_N (sky130_fd_sc_hd__and2b_1)
     2    0.005747    0.033129    0.121242    5.206862 v _133_/X (sky130_fd_sc_hd__and2b_1)
                                                         _099_ (net)
                      0.033129    0.000047    5.206909 v _137_/B1 (sky130_fd_sc_hd__a2111o_1)
     2    0.005077    0.049189    0.184210    5.391119 v _137_/X (sky130_fd_sc_hd__a2111o_1)
                                                         _103_ (net)
                      0.049189    0.000046    5.391165 v _141_/A (sky130_fd_sc_hd__or4b_1)
     3    0.007418    0.073170    0.322429    5.713594 v _141_/X (sky130_fd_sc_hd__or4b_1)
                                                         _107_ (net)
                      0.073170    0.000085    5.713679 v _152_/A (sky130_fd_sc_hd__or3_1)
     2    0.007131    0.059130    0.242035    5.955714 v _152_/X (sky130_fd_sc_hd__or3_1)
                                                         _005_ (net)
                      0.059130    0.000139    5.955853 v _163_/A (sky130_fd_sc_hd__or2_1)
     1    0.002688    0.031811    0.138782    6.094635 v _163_/X (sky130_fd_sc_hd__or2_1)
                                                         _016_ (net)
                      0.031811    0.000015    6.094650 v _227_/A1 (sky130_fd_sc_hd__o31a_1)
     1    0.002275    0.032353    0.172707    6.267357 v _227_/X (sky130_fd_sc_hd__o31a_1)
                                                         _000_ (net)
                      0.032353    0.000022    6.267379 v _228_/D (sky130_fd_sc_hd__dfxtp_1)
                                              6.267379   data arrival time

                                 25.000000   25.000000   clock clk (rise edge)
                                  0.000000   25.000000   clock source latency
     2    0.007825    0.031164    0.019805   25.019804 ^ clk (in)
                                                         clk (net)
                      0.031164    0.000000   25.019804 ^ _228_/CLK (sky130_fd_sc_hd__dfxtp_1)
                                 -0.250000   24.769804   clock uncertainty
                                  0.000000   24.769804   clock reconvergence pessimism
                                 -0.070210   24.699594   library setup time
                                             24.699594   data required time
---------------------------------------------------------------------------------------------
                                             24.699594   data required time
                                             -6.267379   data arrival time
---------------------------------------------------------------------------------------------
                                             18.432215   slack (MET)


Startpoint: _228_ (rising edge-triggered flip-flop clocked by clk)
Endpoint: z (output port clocked by clk)
Path Group: clk
Path Type: max

Fanout         Cap        Slew       Delay        Time   Description
---------------------------------------------------------------------------------------------
                                  0.000000    0.000000   clock clk (rise edge)
                                  0.000000    0.000000   clock source latency
     2    0.007825    0.031164    0.019804    0.019804 ^ clk (in)
                                                         clk (net)
                      0.031164    0.000000    0.019804 ^ _228_/CLK (sky130_fd_sc_hd__dfxtp_1)
     1    0.007844    0.062426    0.208775    0.228579 ^ _228_/Q (sky130_fd_sc_hd__dfxtp_1)
                                                         net65 (net)
                      0.062426    0.000259    0.228838 ^ output65/A (sky130_fd_sc_hd__buf_2)
     1    0.034059    0.127322    0.145881    0.374719 ^ output65/X (sky130_fd_sc_hd__buf_2)
                                                         z (net)
                      0.127322    0.000171    0.374890 ^ z (out)
                                              0.374890   data arrival time

                                 25.000000   25.000000   clock clk (rise edge)
                                  0.000000   25.000000   clock network delay (propagated)
                                 -0.250000   24.750000   clock uncertainty
                                  0.000000   24.750000   clock reconvergence pessimism
                                 -5.000000   19.750000   output external delay
                                             19.750000   data required time
---------------------------------------------------------------------------------------------
                                             19.750000   data required time
                                             -0.374890   data arrival time
---------------------------------------------------------------------------------------------
                                             19.375111   slack (MET)



