
===========================================================================
 report_power
============================================================================
======================= min_ff_n40C_1v95 Corner ===================================

Group                    Internal    Switching      Leakage        Total
                            Power        Power        Power        Power (Watts)
------------------------------------------------------------------------
Sequential           1.935276e-06 4.038040e-08 1.443827e-11 1.975671e-06   9.2%
Combinational        9.784101e-06 9.602959e-06 5.631692e-10 1.938762e-05  90.7%
Clock                2.914626e-09 0.000000e+00 5.703819e-10 3.485008e-09   0.0%
Macro                0.000000e+00 0.000000e+00 0.000000e+00 0.000000e+00   0.0%
Pad                  0.000000e+00 0.000000e+00 0.000000e+00 0.000000e+00   0.0%
------------------------------------------------------------------------
Total                1.172229e-05 9.643339e-06 1.147994e-09 2.136678e-05 100.0%
                            54.9%        45.1%         0.0%

