
===========================================================================
report_checks -unconstrained
===========================================================================
======================= nom_tt_025C_1v80 Corner ===================================

Startpoint: a[30] (input port clocked by clk)
Endpoint: _228_ (rising edge-triggered flip-flop clocked by clk)
Path Group: clk
Path Type: max

Fanout         Cap        Slew       Delay        Time   Description
---------------------------------------------------------------------------------------------
                                  0.000000    0.000000   clock clk (rise edge)
                                  0.000000    0.000000   clock network delay (propagated)
                                  5.000000    5.000000 ^ input external delay
     1    0.003025    0.020704    0.011104    5.011105 ^ a[30] (in)
                                                         a[30] (net)
                      0.020704    0.000000    5.011105 ^ input24/A (sky130_fd_sc_hd__buf_1)
     2    0.007341    0.094636    0.108338    5.119442 ^ input24/X (sky130_fd_sc_hd__buf_1)
                                                         net24 (net)
                      0.094636    0.000151    5.119594 ^ _133_/A_N (sky130_fd_sc_hd__and2b_1)
     2    0.006054    0.047418    0.198569    5.318163 v _133_/X (sky130_fd_sc_hd__and2b_1)
                                                         _099_ (net)
                      0.047419    0.000173    5.318336 v _137_/B1 (sky130_fd_sc_hd__a2111o_1)
     2    0.005252    0.071219    0.393384    5.711720 v _137_/X (sky130_fd_sc_hd__a2111o_1)
                                                         _103_ (net)
                      0.071220    0.000139    5.711859 v _141_/A (sky130_fd_sc_hd__or4b_1)
     3    0.008298    0.118306    0.570758    6.282617 v _141_/X (sky130_fd_sc_hd__or4b_1)
                                                         _107_ (net)
                      0.118306    0.000216    6.282833 v _152_/A (sky130_fd_sc_hd__or3_1)
     2    0.005880    0.081891    0.410918    6.693751 v _152_/X (sky130_fd_sc_hd__or3_1)
                                                         _005_ (net)
                      0.081892    0.000198    6.693949 v _163_/A (sky130_fd_sc_hd__or2_1)
     1    0.002910    0.048491    0.234445    6.928394 v _163_/X (sky130_fd_sc_hd__or2_1)
                                                         _016_ (net)
                      0.048491    0.000062    6.928456 v _227_/A1 (sky130_fd_sc_hd__o31a_1)
     1    0.002529    0.045436    0.285850    7.214306 v _227_/X (sky130_fd_sc_hd__o31a_1)
                                                         _000_ (net)
                      0.045436    0.000072    7.214378 v _228_/D (sky130_fd_sc_hd__dfxtp_1)
                                              7.214378   data arrival time

                                 25.000000   25.000000   clock clk (rise edge)
                                  0.000000   25.000000   clock source latency
     1    0.004814    0.028486    0.017293   25.017292 ^ clk (in)
                                                         clk (net)
                      0.028487    0.000000   25.017292 ^ _228_/CLK (sky130_fd_sc_hd__dfxtp_1)
                                 -0.250000   24.767292   clock uncertainty
                                  0.000000   24.767292   clock reconvergence pessimism
                                 -0.114580   24.652712   library setup time
                                             24.652712   data required time
---------------------------------------------------------------------------------------------
                                             24.652712   data required time
                                             -7.214378   data arrival time
---------------------------------------------------------------------------------------------
                                             17.438334   slack (MET)




===========================================================================
report_checks --slack_max -0.01
============================================================================
======================= nom_tt_025C_1v80 Corner ===================================

No paths found.


===========================================================================
 report_check_types -max_slew -max_cap -max_fanout -violators
============================================================================
======================= nom_tt_025C_1v80 Corner ===================================



===========================================================================
report_parasitic_annotation -report_unannotated
============================================================================
Found 0 unannotated drivers.
Found 0 partially unannotated drivers.

===========================================================================
max slew violation count 0
max fanout violation count 0
max cap violation count 0
============================================================================

===========================================================================
check_setup -verbose -unconstrained_endpoints -multiple_clock -no_clock -no_input_delay -loops -generated_clocks
===========================================================================
