┏━━━━━━━━━━━━━━━━━━━━━━┳━━━━━━━━━━┳━━━━━━━━━━┳━━━━━━━━━━┳━━━━━━━━━━┳━━━━━━━━━━━┳━━━━━━━━━━┳━━━━━━━━━━━┳━━━━━━━━━━┳━━━━━━━━━━━┳━━━━━━━━━━┳━━━━━━━━━━━┳━━━━━━━━━━┓
┃                      ┃ Hold     ┃ Reg to   ┃          ┃          ┃ of which  ┃ Setup    ┃           ┃          ┃           ┃ of which ┃           ┃          ┃
┃                      ┃ Worst    ┃ Reg      ┃          ┃ Hold Vio ┃ reg to    ┃ Worst    ┃ Reg to    ┃ Setup    ┃ Setup Vio ┃ reg to   ┃ Max Cap   ┃ Max Slew ┃
┃ Corner/Group         ┃ Slack    ┃ Paths    ┃ Hold TNS ┃ Count    ┃ reg       ┃ Slack    ┃ Reg Paths ┃ TNS      ┃ Count     ┃ reg      ┃ Violatio… ┃ Violati… ┃
┡━━━━━━━━━━━━━━━━━━━━━━╇━━━━━━━━━━╇━━━━━━━━━━╇━━━━━━━━━━╇━━━━━━━━━━╇━━━━━━━━━━━╇━━━━━━━━━━╇━━━━━━━━━━━╇━━━━━━━━━━╇━━━━━━━━━━━╇━━━━━━━━━━╇━━━━━━━━━━━╇━━━━━━━━━━┩
│ Overall              │ 1.0497   │ N/A      │ 0.0000   │ 0        │ 0         │ -0.7398  │ N/A       │ -0.7398  │ 3         │ 0        │ 0         │ 0        │
│ nom_tt_025C_1v80     │ 1.2218   │ N/A      │ 0.0000   │ 0        │ 0         │ 1.5185   │ N/A       │ 0.0000   │ 0         │ 0        │ 0         │ 0        │
│ nom_ss_100C_1v60     │ 1.6728   │ N/A      │ 0.0000   │ 0        │ 0         │ -0.7247  │ N/A       │ -0.7247  │ 1         │ 0        │ 0         │ 0        │
│ nom_ff_n40C_1v95     │ 1.0519   │ N/A      │ 0.0000   │ 0        │ 0         │ 2.4232   │ N/A       │ 0.0000   │ 0         │ 0        │ 0         │ 0        │
│ min_tt_025C_1v80     │ 1.2185   │ N/A      │ 0.0000   │ 0        │ 0         │ 1.5238   │ N/A       │ 0.0000   │ 0         │ 0        │ 0         │ 0        │
│ min_ss_100C_1v60     │ 1.6653   │ N/A      │ 0.0000   │ 0        │ 0         │ -0.7148  │ N/A       │ -0.7148  │ 1         │ 0        │ 0         │ 0        │
│ min_ff_n40C_1v95     │ 1.0497   │ N/A      │ 0.0000   │ 0        │ 0         │ 2.4294   │ N/A       │ 0.0000   │ 0         │ 0        │ 0         │ 0        │
│ max_tt_025C_1v80     │ 1.2254   │ N/A      │ 0.0000   │ 0        │ 0         │ 1.5117   │ N/A       │ 0.0000   │ 0         │ 0        │ 0         │ 0        │
│ max_ss_100C_1v60     │ 1.6790   │ N/A      │ 0.0000   │ 0        │ 0         │ -0.7398  │ N/A       │ -0.7398  │ 1         │ 0        │ 0         │ 0        │
│ max_ff_n40C_1v95     │ 1.0545   │ N/A      │ 0.0000   │ 0        │ 0         │ 2.4174   │ N/A       │ 0.0000   │ 0         │ 0        │ 0         │ 0        │
└──────────────────────┴──────────┴──────────┴──────────┴──────────┴───────────┴──────────┴───────────┴──────────┴───────────┴──────────┴───────────┴──────────┘
