
===========================================================================
 report_power
============================================================================
======================= nom_tt_025C_1v80 Corner ===================================

Group                    Internal    Switching      Leakage        Total
                            Power        Power        Power        Power (Watts)
------------------------------------------------------------------------
Sequential           8.394990e-06 7.739180e-08 8.111877e-12 8.472390e-06   9.7%
Combinational        4.732463e-05 3.128240e-05 4.881942e-10 7.860752e-05  90.3%
Clock                0.000000e+00 0.000000e+00 1.036812e-10 1.036812e-10   0.0%
Macro                0.000000e+00 0.000000e+00 0.000000e+00 0.000000e+00   0.0%
Pad                  0.000000e+00 0.000000e+00 0.000000e+00 0.000000e+00   0.0%
------------------------------------------------------------------------
Total                5.571962e-05 3.135980e-05 5.999872e-10 8.708001e-05 100.0%
                            64.0%        36.0%         0.0%
Writing metric power__internal__total: 5.571961810346693e-5
Writing metric power__switching__total: 3.135979568469338e-5
Writing metric power__leakage__total: 5.999872265682882e-10
Writing metric power__total: 8.708001405466348e-5

