
===========================================================================
 report_power
============================================================================
======================= nom_tt_025C_1v80 Corner ===================================

Group                    Internal    Switching      Leakage        Total
                            Power        Power        Power        Power (Watts)
------------------------------------------------------------------------
Sequential           1.669885e-06 3.000825e-08 8.111877e-12 1.699901e-06   9.2%
Combinational        9.088952e-06 7.760479e-06 4.664922e-10 1.684990e-05  90.8%
Clock                0.000000e+00 0.000000e+00 7.970513e-10 7.970513e-10   0.0%
Macro                0.000000e+00 0.000000e+00 0.000000e+00 0.000000e+00   0.0%
Pad                  0.000000e+00 0.000000e+00 0.000000e+00 0.000000e+00   0.0%
------------------------------------------------------------------------
Total                1.075884e-05 7.790489e-06 1.271659e-09 1.855060e-05 100.0%
                            58.0%        42.0%         0.0%

