
===========================================================================
report_checks -path_delay min (Hold)
============================================================================
======================= nom_tt_025C_1v80 Corner ===================================

Startpoint: _228_ (rising edge-triggered flip-flop clocked by clk)
Endpoint: z (output port clocked by clk)
Path Group: clk
Path Type: min

Fanout         Cap        Slew       Delay        Time   Description
---------------------------------------------------------------------------------------------
                                  0.000000    0.000000   clock clk (rise edge)
                                  0.000000    0.000000   clock source latency
     1    0.001877    0.016287    0.007062    0.007062 ^ clk (in)
                                                         clk (net)
                      0.016287    0.000000    0.007062 ^ _228_/CLK (sky130_fd_sc_hd__dfxtp_2)
     1    0.036054    0.090675    0.361382    0.368444 v _228_/Q (sky130_fd_sc_hd__dfxtp_2)
                                                         z (net)
                      0.090687    0.001039    0.369483 v z (out)
                                              0.369483   data arrival time

                                  0.000000    0.000000   clock clk (rise edge)
                                  0.000000    0.000000   clock network delay (propagated)
                                  0.250000    0.250000   clock uncertainty
                                  0.000000    0.250000   clock reconvergence pessimism
                                 -5.000000   -4.750000   output external delay
                                             -4.750000   data required time
---------------------------------------------------------------------------------------------
                                             -4.750000   data required time
                                             -0.369483   data arrival time
---------------------------------------------------------------------------------------------
                                              5.119483   slack (MET)


Startpoint: a[16] (input port clocked by clk)
Endpoint: _228_ (rising edge-triggered flip-flop clocked by clk)
Path Group: clk
Path Type: min

Fanout         Cap        Slew       Delay        Time   Description
---------------------------------------------------------------------------------------------
                                  0.000000    0.000000   clock clk (rise edge)
                                  0.000000    0.000000   clock network delay (propagated)
                                  5.000000    5.000000 ^ input external delay
     2    0.005663    0.032199    0.019999    5.019999 ^ a[16] (in)
                                                         a[16] (net)
                      0.032199    0.000000    5.019999 ^ _171_/B (sky130_fd_sc_hd__and2_2)
     1    0.001999    0.033325    0.119595    5.139594 ^ _171_/X (sky130_fd_sc_hd__and2_2)
                                                         _024_ (net)
                      0.033325    0.000008    5.139602 ^ _172_/C (sky130_fd_sc_hd__or4b_2)
     1    0.002953    0.032129    0.099462    5.239064 ^ _172_/X (sky130_fd_sc_hd__or4b_2)
                                                         _025_ (net)
                      0.032129    0.000014    5.239078 ^ _227_/A2 (sky130_fd_sc_hd__o31a_2)
     1    0.002033    0.029373    0.117720    5.356797 ^ _227_/X (sky130_fd_sc_hd__o31a_2)
                                                         _000_ (net)
                      0.029373    0.000008    5.356805 ^ _228_/D (sky130_fd_sc_hd__dfxtp_2)
                                              5.356805   data arrival time

                                  0.000000    0.000000   clock clk (rise edge)
                                  0.000000    0.000000   clock source latency
     1    0.001877    0.016287    0.007062    0.007062 ^ clk (in)
                                                         clk (net)
                      0.016287    0.000000    0.007062 ^ _228_/CLK (sky130_fd_sc_hd__dfxtp_2)
                                  0.250000    0.257062   clock uncertainty
                                  0.000000    0.257062   clock reconvergence pessimism
                                 -0.031722    0.225339   library hold time
                                              0.225339   data required time
---------------------------------------------------------------------------------------------
                                              0.225339   data required time
                                             -5.356805   data arrival time
---------------------------------------------------------------------------------------------
                                              5.131465   slack (MET)



