
===========================================================================
report_checks -path_delay min (Hold)
============================================================================
======================= min_ss_100C_1v60 Corner ===================================

Startpoint: a[16] (input port clocked by clk)
Endpoint: _228_ (rising edge-triggered flip-flop clocked by clk)
Path Group: clk
Path Type: min

Fanout         Cap        Slew       Delay        Time   Description
---------------------------------------------------------------------------------------------
                                  0.000000    0.000000   clock clk (rise edge)
                                  0.000000    0.000000   clock network delay (propagated)
                                  5.000000    5.000000 ^ input external delay
     1    0.002656    0.031302    0.015008    5.015008 ^ a[16] (in)
                                                         a[16] (net)
                      0.031302    0.000000    5.015008 ^ input8/A (sky130_fd_sc_hd__clkbuf_1)
     2    0.006351    0.135132    0.179554    5.194563 ^ input8/X (sky130_fd_sc_hd__clkbuf_1)
                                                         net8 (net)
                      0.135132    0.000088    5.194651 ^ _171_/B (sky130_fd_sc_hd__and2_1)
     1    0.002468    0.075213    0.246388    5.441039 ^ _171_/X (sky130_fd_sc_hd__and2_1)
                                                         _024_ (net)
                      0.075213    0.000027    5.441065 ^ _172_/C (sky130_fd_sc_hd__or4b_1)
     1    0.003091    0.066628    0.176133    5.617199 ^ _172_/X (sky130_fd_sc_hd__or4b_1)
                                                         _025_ (net)
                      0.066628    0.000031    5.617229 ^ _227_/A2 (sky130_fd_sc_hd__o31a_1)
     1    0.002330    0.070226    0.235410    5.852639 ^ _227_/X (sky130_fd_sc_hd__o31a_1)
                                                         _000_ (net)
                      0.070226    0.000024    5.852664 ^ _228_/D (sky130_fd_sc_hd__dfxtp_1)
                                              5.852664   data arrival time

                                  0.000000    0.000000   clock clk (rise edge)
                                  0.000000    0.000000   clock source latency
     1    0.004410    0.043129    0.024288    0.024288 ^ clk (in)
                                                         clk (net)
                      0.043143    0.000000    0.024288 ^ _228_/CLK (sky130_fd_sc_hd__dfxtp_1)
                                  0.250000    0.274288   clock uncertainty
                                  0.000000    0.274288   clock reconvergence pessimism
                                 -0.076342    0.197946   library hold time
                                              0.197946   data required time
---------------------------------------------------------------------------------------------
                                              0.197946   data required time
                                             -5.852664   data arrival time
---------------------------------------------------------------------------------------------
                                              5.654717   slack (MET)


Startpoint: _228_ (rising edge-triggered flip-flop clocked by clk)
Endpoint: z (output port clocked by clk)
Path Group: clk
Path Type: min

Fanout         Cap        Slew       Delay        Time   Description
---------------------------------------------------------------------------------------------
                                  0.000000    0.000000   clock clk (rise edge)
                                  0.000000    0.000000   clock source latency
     1    0.004410    0.043129    0.024288    0.024288 ^ clk (in)
                                                         clk (net)
                      0.043143    0.000000    0.024288 ^ _228_/CLK (sky130_fd_sc_hd__dfxtp_1)
     1    0.004801    0.063893    0.577852    0.602140 v _228_/Q (sky130_fd_sc_hd__dfxtp_1)
                                                         net65 (net)
                      0.063893    0.000088    0.602228 v output65/A (sky130_fd_sc_hd__buf_2)
     1    0.034259    0.165776    0.342042    0.944271 v output65/X (sky130_fd_sc_hd__buf_2)
                                                         z (net)
                      0.165776    0.000234    0.944505 v z (out)
                                              0.944505   data arrival time

                                  0.000000    0.000000   clock clk (rise edge)
                                  0.000000    0.000000   clock network delay (propagated)
                                  0.250000    0.250000   clock uncertainty
                                  0.000000    0.250000   clock reconvergence pessimism
                                 -5.000000   -4.750000   output external delay
                                             -4.750000   data required time
---------------------------------------------------------------------------------------------
                                             -4.750000   data required time
                                             -0.944505   data arrival time
---------------------------------------------------------------------------------------------
                                              5.694505   slack (MET)



