
===========================================================================
 report_power
============================================================================
======================= min_ss_100C_1v60 Corner ===================================

Group                    Internal    Switching      Leakage        Total
                            Power        Power        Power        Power (Watts)
------------------------------------------------------------------------
Sequential           1.321302e-06 1.708148e-08 1.351832e-08 1.351901e-06   9.0%
Combinational        7.462504e-06 5.373821e-06 7.976118e-07 1.363394e-05  91.0%
Clock                0.000000e+00 0.000000e+00 2.193723e-10 2.193723e-10   0.0%
Macro                0.000000e+00 0.000000e+00 0.000000e+00 0.000000e+00   0.0%
Pad                  0.000000e+00 0.000000e+00 0.000000e+00 0.000000e+00   0.0%
------------------------------------------------------------------------
Total                8.783805e-06 5.390903e-06 8.113495e-07 1.498606e-05 100.0%
                            58.6%        36.0%         5.4%

