
===========================================================================
report_checks -path_delay min (Hold)
============================================================================
======================= nom_ff_n40C_1v95 Corner ===================================

Startpoint: b[16] (input port clocked by clk)
Endpoint: _228_ (rising edge-triggered flip-flop clocked by clk)
Path Group: clk
Path Type: min

Fanout         Cap        Slew       Delay        Time   Description
---------------------------------------------------------------------------------------------
                                  0.000000    0.000000   clock clk (rise edge)
                                  0.000000    0.000000   clock network delay (propagated)
                                  5.000000    5.000000 v input external delay
     1    0.003136    0.005213    0.002574    5.002574 v b[16] (in)
                                                         b[16] (net)
                      0.005214    0.000000    5.002574 v input40/A (sky130_fd_sc_hd__clkbuf_1)
     1    0.005518    0.027897    0.055542    5.058117 v input40/X (sky130_fd_sc_hd__clkbuf_1)
                                                         net40 (net)
                      0.027899    0.000181    5.058298 v _125_/A (sky130_fd_sc_hd__inv_2)
     2    0.005049    0.022695    0.031774    5.090072 ^ _125_/Y (sky130_fd_sc_hd__inv_2)
                                                         _091_ (net)
                      0.022695    0.000103    5.090174 ^ _171_/A (sky130_fd_sc_hd__and2_1)
     1    0.002746    0.032117    0.065505    5.155679 ^ _171_/X (sky130_fd_sc_hd__and2_1)
                                                         _024_ (net)
                      0.032118    0.000079    5.155758 ^ _172_/C (sky130_fd_sc_hd__or4b_1)
     1    0.003514    0.032098    0.066884    5.222642 ^ _172_/X (sky130_fd_sc_hd__or4b_1)
                                                         _025_ (net)
                      0.032098    0.000107    5.222750 ^ _227_/A2 (sky130_fd_sc_hd__o31a_1)
     1    0.002596    0.029536    0.075277    5.298027 ^ _227_/X (sky130_fd_sc_hd__o31a_1)
                                                         _000_ (net)
                      0.029536    0.000075    5.298101 ^ _228_/D (sky130_fd_sc_hd__dfxtp_1)
                                              5.298101   data arrival time

                                  0.000000    0.000000   clock clk (rise edge)
                                  0.000000    0.000000   clock source latency
     1    0.004874    0.021266    0.012704    0.012704 ^ clk (in)
                                                         clk (net)
                      0.021268    0.000000    0.012704 ^ _228_/CLK (sky130_fd_sc_hd__dfxtp_1)
                                  0.250000    0.262704   clock uncertainty
                                  0.000000    0.262704   clock reconvergence pessimism
                                 -0.017429    0.245275   library hold time
                                              0.245275   data required time
---------------------------------------------------------------------------------------------
                                              0.245275   data required time
                                             -5.298101   data arrival time
---------------------------------------------------------------------------------------------
                                              5.052826   slack (MET)


Startpoint: _228_ (rising edge-triggered flip-flop clocked by clk)
Endpoint: z (output port clocked by clk)
Path Group: clk
Path Type: min

Fanout         Cap        Slew       Delay        Time   Description
---------------------------------------------------------------------------------------------
                                  0.000000    0.000000   clock clk (rise edge)
                                  0.000000    0.000000   clock source latency
     1    0.004874    0.021266    0.012704    0.012704 ^ clk (in)
                                                         clk (net)
                      0.021268    0.000000    0.012704 ^ _228_/CLK (sky130_fd_sc_hd__dfxtp_1)
     1    0.006089    0.028529    0.191056    0.203760 v _228_/Q (sky130_fd_sc_hd__dfxtp_1)
                                                         net65 (net)
                      0.028533    0.000255    0.204015 v output65/A (sky130_fd_sc_hd__buf_2)
     1    0.034245    0.062760    0.116594    0.320609 v output65/X (sky130_fd_sc_hd__buf_2)
                                                         z (net)
                      0.062770    0.000659    0.321268 v z (out)
                                              0.321268   data arrival time

                                  0.000000    0.000000   clock clk (rise edge)
                                  0.000000    0.000000   clock network delay (propagated)
                                  0.250000    0.250000   clock uncertainty
                                  0.000000    0.250000   clock reconvergence pessimism
                                 -5.000000   -4.750000   output external delay
                                             -4.750000   data required time
---------------------------------------------------------------------------------------------
                                             -4.750000   data required time
                                             -0.321268   data arrival time
---------------------------------------------------------------------------------------------
                                              5.071268   slack (MET)



