
===========================================================================
 report_power
============================================================================
======================= nom_ss_100C_1v60 Corner ===================================

Group                    Internal    Switching      Leakage        Total
                            Power        Power        Power        Power (Watts)
------------------------------------------------------------------------
Sequential           1.286647e-06 1.159019e-07 1.364509e-08 1.416194e-06  11.3%
Combinational        7.640735e-06 2.937288e-06 5.709120e-07 1.114894e-05  88.7%
Clock                0.000000e+00 0.000000e+00 0.000000e+00 0.000000e+00   0.0%
Macro                0.000000e+00 0.000000e+00 0.000000e+00 0.000000e+00   0.0%
Pad                  0.000000e+00 0.000000e+00 0.000000e+00 0.000000e+00   0.0%
------------------------------------------------------------------------
Total                8.927383e-06 3.053190e-06 5.845571e-07 1.256513e-05 100.0%
                            71.0%        24.3%         4.7%

