
===========================================================================
report_checks -path_delay max (Setup)
============================================================================
======================= max_ss_100C_1v60 Corner ===================================

Startpoint: a[30] (input port clocked by clk)
Endpoint: _228_ (rising edge-triggered flip-flop clocked by clk)
Path Group: clk
Path Type: max

Fanout         Cap        Slew       Delay        Time   Description
---------------------------------------------------------------------------------------------
                                  0.000000    0.000000   clock clk (rise edge)
                                  0.000000    0.000000   clock network delay (propagated)
                                  5.000000    5.000000 ^ input external delay
     1    0.003034    0.033792    0.017075    5.017076 ^ a[30] (in)
                                                         a[30] (net)
                      0.033793    0.000000    5.017076 ^ input24/A (sky130_fd_sc_hd__buf_1)
     2    0.007092    0.148534    0.190195    5.207271 ^ input24/X (sky130_fd_sc_hd__buf_1)
                                                         net24 (net)
                      0.148534    0.000361    5.207632 ^ _133_/A_N (sky130_fd_sc_hd__and2b_1)
     2    0.006324    0.094162    0.420247    5.627880 v _133_/X (sky130_fd_sc_hd__and2b_1)
                                                         _099_ (net)
                      0.094162    0.000421    5.628301 v _137_/B1 (sky130_fd_sc_hd__a2111o_1)
     2    0.004792    0.129768    0.769424    6.397725 v _137_/X (sky130_fd_sc_hd__a2111o_1)
                                                         _103_ (net)
                      0.129768    0.000299    6.398024 v _141_/A (sky130_fd_sc_hd__or4b_1)
     3    0.008158    0.239844    1.322909    7.720932 v _141_/X (sky130_fd_sc_hd__or4b_1)
                                                         _107_ (net)
                      0.240054    0.000477    7.721409 v _152_/A (sky130_fd_sc_hd__or3_1)
     2    0.006255    0.171195    0.959782    8.681192 v _152_/X (sky130_fd_sc_hd__or3_1)
                                                         _005_ (net)
                      0.171283    0.000468    8.681660 v _163_/A (sky130_fd_sc_hd__or2_1)
     1    0.002877    0.097634    0.535494    9.217155 v _163_/X (sky130_fd_sc_hd__or2_1)
                                                         _016_ (net)
                      0.097634    0.000134    9.217289 v _227_/A1 (sky130_fd_sc_hd__o31a_1)
     1    0.002576    0.083080    0.557000    9.774288 v _227_/X (sky130_fd_sc_hd__o31a_1)
                                                         _000_ (net)
                      0.083080    0.000163    9.774451 v _228_/D (sky130_fd_sc_hd__dfxtp_1)
                                              9.774451   data arrival time

                                 25.000000   25.000000   clock clk (rise edge)
                                  0.000000   25.000000   clock source latency
     1    0.004982    0.047065    0.027383   25.027382 ^ clk (in)
                                                         clk (net)
                      0.047066    0.000000   25.027382 ^ _228_/CLK (sky130_fd_sc_hd__dfxtp_1)
                                 -0.250000   24.777382   clock uncertainty
                                  0.000000   24.777382   clock reconvergence pessimism
                                 -0.280596   24.496786   library setup time
                                             24.496786   data required time
---------------------------------------------------------------------------------------------
                                             24.496786   data required time
                                             -9.774451   data arrival time
---------------------------------------------------------------------------------------------
                                             14.722335   slack (MET)


Startpoint: _228_ (rising edge-triggered flip-flop clocked by clk)
Endpoint: z (output port clocked by clk)
Path Group: clk
Path Type: max

Fanout         Cap        Slew       Delay        Time   Description
---------------------------------------------------------------------------------------------
                                  0.000000    0.000000   clock clk (rise edge)
                                  0.000000    0.000000   clock source latency
     1    0.004982    0.047065    0.027382    0.027382 ^ clk (in)
                                                         clk (net)
                      0.047066    0.000000    0.027382 ^ _228_/CLK (sky130_fd_sc_hd__dfxtp_1)
     1    0.005513    0.104216    0.643526    0.670908 ^ _228_/Q (sky130_fd_sc_hd__dfxtp_1)
                                                         net65 (net)
                      0.104216    0.000378    0.671285 ^ output65/A (sky130_fd_sc_hd__buf_2)
     1    0.034410    0.273461    0.359477    1.030762 ^ output65/X (sky130_fd_sc_hd__buf_2)
                                                         z (net)
                      0.273467    0.001697    1.032459 ^ z (out)
                                              1.032459   data arrival time

                                 25.000000   25.000000   clock clk (rise edge)
                                  0.000000   25.000000   clock network delay (propagated)
                                 -0.250000   24.750000   clock uncertainty
                                  0.000000   24.750000   clock reconvergence pessimism
                                 -5.000000   19.750000   output external delay
                                             19.750000   data required time
---------------------------------------------------------------------------------------------
                                             19.750000   data required time
                                             -1.032459   data arrival time
---------------------------------------------------------------------------------------------
                                             18.717541   slack (MET)



