
===========================================================================
 report_power
============================================================================
======================= nom_tt_025C_1v80 Corner ===================================

Group                    Internal    Switching      Leakage        Total
                            Power        Power        Power        Power (Watts)
------------------------------------------------------------------------
Sequential           8.466599e-06 7.907246e-07 7.616781e-12 9.257331e-06  12.0%
Combinational        4.692719e-05 2.124754e-05 3.893822e-10 6.817513e-05  88.0%
Clock                0.000000e+00 0.000000e+00 1.036812e-10 1.036812e-10   0.0%
Macro                0.000000e+00 0.000000e+00 0.000000e+00 0.000000e+00   0.0%
Pad                  0.000000e+00 0.000000e+00 0.000000e+00 0.000000e+00   0.0%
------------------------------------------------------------------------
Total                5.539379e-05 2.203826e-05 5.006802e-10 7.743255e-05 100.0%
                            71.5%        28.5%         0.0%
Writing metric power__internal__total: 5.539378980756737e-5
Writing metric power__switching__total: 2.2038262613932602e-5
Writing metric power__leakage__total: 5.006801639950709e-10
Writing metric power__total: 7.743255264358595e-5

