
===========================================================================
 report_power
============================================================================
======================= nom_tt_025C_1v80 Corner ===================================

Group                    Internal    Switching      Leakage        Total
                            Power        Power        Power        Power (Watts)
------------------------------------------------------------------------
Sequential           1.667450e-06 1.466883e-07 7.616781e-12 1.814146e-06  12.1%
Combinational        9.358560e-06 3.760787e-06 3.893822e-10 1.311974e-05  87.9%
Clock                0.000000e+00 0.000000e+00 0.000000e+00 0.000000e+00   0.0%
Macro                0.000000e+00 0.000000e+00 0.000000e+00 0.000000e+00   0.0%
Pad                  0.000000e+00 0.000000e+00 0.000000e+00 0.000000e+00   0.0%
------------------------------------------------------------------------
Total                1.102601e-05 3.907476e-06 3.969989e-10 1.493388e-05 100.0%
                            73.8%        26.2%         0.0%

