
===========================================================================
report_checks -path_delay min (Hold)
============================================================================
======================= min_ff_n40C_1v95 Corner ===================================

Startpoint: b[16] (input port clocked by clk)
Endpoint: _228_ (rising edge-triggered flip-flop clocked by clk)
Path Group: clk
Path Type: min

Fanout         Cap        Slew       Delay        Time   Description
---------------------------------------------------------------------------------------------
                                  0.000000    0.000000   clock clk (rise edge)
                                  0.000000    0.000000   clock network delay (propagated)
                                  5.000000    5.000000 v input external delay
     1    0.003059    0.005112    0.002486    5.002486 v b[16] (in)
                                                         b[16] (net)
                      0.005112    0.000000    5.002486 v input40/A (sky130_fd_sc_hd__clkbuf_1)
     1    0.005404    0.027458    0.055217    5.057703 v input40/X (sky130_fd_sc_hd__clkbuf_1)
                                                         net40 (net)
                      0.027458    0.000067    5.057770 v _125_/A (sky130_fd_sc_hd__inv_2)
     2    0.004974    0.022401    0.031438    5.089208 ^ _125_/Y (sky130_fd_sc_hd__inv_2)
                                                         _091_ (net)
                      0.022401    0.000037    5.089245 ^ _171_/A (sky130_fd_sc_hd__and2_1)
     1    0.002640    0.031473    0.064869    5.154114 ^ _171_/X (sky130_fd_sc_hd__and2_1)
                                                         _024_ (net)
                      0.031473    0.000029    5.154143 ^ _172_/C (sky130_fd_sc_hd__or4b_1)
     1    0.003411    0.031461    0.066203    5.220345 ^ _172_/X (sky130_fd_sc_hd__or4b_1)
                                                         _025_ (net)
                      0.031461    0.000038    5.220384 ^ _227_/A2 (sky130_fd_sc_hd__o31a_1)
     1    0.002515    0.028994    0.074694    5.295078 ^ _227_/X (sky130_fd_sc_hd__o31a_1)
                                                         _000_ (net)
                      0.028994    0.000027    5.295105 ^ _228_/D (sky130_fd_sc_hd__dfxtp_1)
                                              5.295105   data arrival time

                                  0.000000    0.000000   clock clk (rise edge)
                                  0.000000    0.000000   clock source latency
     1    0.004636    0.020465    0.012063    0.012063 ^ clk (in)
                                                         clk (net)
                      0.020466    0.000000    0.012063 ^ _228_/CLK (sky130_fd_sc_hd__dfxtp_1)
                                  0.250000    0.262063   clock uncertainty
                                  0.000000    0.262063   clock reconvergence pessimism
                                 -0.017409    0.244654   library hold time
                                              0.244654   data required time
---------------------------------------------------------------------------------------------
                                              0.244654   data required time
                                             -5.295105   data arrival time
---------------------------------------------------------------------------------------------
                                              5.050451   slack (MET)


Startpoint: _228_ (rising edge-triggered flip-flop clocked by clk)
Endpoint: z (output port clocked by clk)
Path Group: clk
Path Type: min

Fanout         Cap        Slew       Delay        Time   Description
---------------------------------------------------------------------------------------------
                                  0.000000    0.000000   clock clk (rise edge)
                                  0.000000    0.000000   clock source latency
     1    0.004636    0.020465    0.012063    0.012063 ^ clk (in)
                                                         clk (net)
                      0.020466    0.000000    0.012063 ^ _228_/CLK (sky130_fd_sc_hd__dfxtp_1)
     1    0.005605    0.027119    0.189530    0.201593 v _228_/Q (sky130_fd_sc_hd__dfxtp_1)
                                                         net65 (net)
                      0.027120    0.000135    0.201727 v output65/A (sky130_fd_sc_hd__buf_2)
     1    0.034181    0.062478    0.116297    0.318025 v output65/X (sky130_fd_sc_hd__buf_2)
                                                         z (net)
                      0.062479    0.000201    0.318226 v z (out)
                                              0.318226   data arrival time

                                  0.000000    0.000000   clock clk (rise edge)
                                  0.000000    0.000000   clock network delay (propagated)
                                  0.250000    0.250000   clock uncertainty
                                  0.000000    0.250000   clock reconvergence pessimism
                                 -5.000000   -4.750000   output external delay
                                             -4.750000   data required time
---------------------------------------------------------------------------------------------
                                             -4.750000   data required time
                                             -0.318226   data arrival time
---------------------------------------------------------------------------------------------
                                              5.068225   slack (MET)



