
===========================================================================
report_checks -unconstrained
===========================================================================
======================= max_tt_025C_1v80 Corner ===================================

Startpoint: a[29] (input port clocked by clk)
Endpoint: _228_ (rising edge-triggered flip-flop clocked by clk)
Path Group: clk
Path Type: max

Fanout         Cap        Slew       Delay        Time   Description
---------------------------------------------------------------------------------------------
                                  0.000000    0.000000   clock clk (rise edge)
                                  0.000000    0.000000   clock network delay (propagated)
                                  1.000000    1.000000 ^ input external delay
     1    0.004476    0.027011    0.016222    1.016222 ^ a[29] (in)
                                                         a[29] (net)
                      0.027012    0.000000    1.016222 ^ input22/A (sky130_fd_sc_hd__buf_1)
     2    0.008607    0.108860    0.120344    1.136566 ^ input22/X (sky130_fd_sc_hd__buf_1)
                                                         net22 (net)
                      0.108862    0.000449    1.137015 ^ _135_/A_N (sky130_fd_sc_hd__and2b_1)
     1    0.002688    0.033059    0.185736    1.322751 v _135_/X (sky130_fd_sc_hd__and2b_1)
                                                         _101_ (net)
                      0.033061    0.000200    1.322951 v _137_/C1 (sky130_fd_sc_hd__a2111o_1)
     2    0.005014    0.070101    0.348664    1.671615 v _137_/X (sky130_fd_sc_hd__a2111o_1)
                                                         _103_ (net)
                      0.070103    0.000264    1.671878 v _141_/A (sky130_fd_sc_hd__or4b_4)
     3    0.009866    0.094307    0.556146    2.228025 v _141_/X (sky130_fd_sc_hd__or4b_4)
                                                         _107_ (net)
                      0.094308    0.000604    2.228629 v _152_/A (sky130_fd_sc_hd__or3_4)
     2    0.006415    0.068954    0.402509    2.631138 v _152_/X (sky130_fd_sc_hd__or3_4)
                                                         _005_ (net)
                      0.068954    0.000381    2.631519 v _163_/B (sky130_fd_sc_hd__or2_4)
     1    0.002993    0.043558    0.226515    2.858033 v _163_/X (sky130_fd_sc_hd__or2_4)
                                                         _016_ (net)
                      0.043558    0.000131    2.858164 v _227_/A1 (sky130_fd_sc_hd__o31a_1)
     1    0.002510    0.045342    0.283780    3.141944 v _227_/X (sky130_fd_sc_hd__o31a_1)
                                                         _000_ (net)
                      0.045342    0.000181    3.142125 v _228_/D (sky130_fd_sc_hd__dfxtp_1)
                                              3.142125   data arrival time

                                  5.000000    5.000000   clock clk (rise edge)
                                  0.000000    5.000000   clock source latency
     1    0.005050    0.029513    0.018095    5.018095 ^ clk (in)
                                                         clk (net)
                      0.029515    0.000000    5.018095 ^ _228_/CLK (sky130_fd_sc_hd__dfxtp_1)
                                 -0.250000    4.768095   clock uncertainty
                                  0.000000    4.768095   clock reconvergence pessimism
                                 -0.114299    4.653797   library setup time
                                              4.653797   data required time
---------------------------------------------------------------------------------------------
                                              4.653797   data required time
                                             -3.142125   data arrival time
---------------------------------------------------------------------------------------------
                                              1.511672   slack (MET)




===========================================================================
report_checks --slack_max -0.01
============================================================================
======================= max_tt_025C_1v80 Corner ===================================

No paths found.


===========================================================================
 report_check_types -max_slew -max_cap -max_fanout -violators
============================================================================
======================= max_tt_025C_1v80 Corner ===================================



===========================================================================
report_parasitic_annotation -report_unannotated
============================================================================
Found 0 unannotated drivers.
Found 0 partially unannotated drivers.

===========================================================================
max slew violation count 0
max fanout violation count 0
max cap violation count 0
============================================================================

===========================================================================
check_setup -verbose -unconstrained_endpoints -multiple_clock -no_clock -no_input_delay -loops -generated_clocks
===========================================================================
