
===========================================================================
 report_power
============================================================================
======================= min_ff_n40C_1v95 Corner ===================================

Group                    Internal    Switching      Leakage        Total
                            Power        Power        Power        Power (Watts)
------------------------------------------------------------------------
Sequential           1.938778e-06 3.315547e-08 1.443827e-11 1.971948e-06   9.5%
Combinational        9.805664e-06 8.963388e-06 5.631692e-10 1.876962e-05  90.5%
Clock                0.000000e+00 0.000000e+00 9.354175e-10 9.354175e-10   0.0%
Macro                0.000000e+00 0.000000e+00 0.000000e+00 0.000000e+00   0.0%
Pad                  0.000000e+00 0.000000e+00 0.000000e+00 0.000000e+00   0.0%
------------------------------------------------------------------------
Total                1.174444e-05 8.996543e-06 1.513030e-09 2.074250e-05 100.0%
                            56.6%        43.4%         0.0%

