
===========================================================================
 report_power
============================================================================
======================= nom_ff_n40C_1v95 Corner ===================================

Group                    Internal    Switching      Leakage        Total
                            Power        Power        Power        Power (Watts)
------------------------------------------------------------------------
Sequential           1.938268e-06 3.558351e-08 1.443827e-11 1.973866e-06   9.4%
Combinational        9.811626e-06 9.247140e-06 5.631692e-10 1.905933e-05  90.6%
Clock                0.000000e+00 0.000000e+00 9.354175e-10 9.354175e-10   0.0%
Macro                0.000000e+00 0.000000e+00 0.000000e+00 0.000000e+00   0.0%
Pad                  0.000000e+00 0.000000e+00 0.000000e+00 0.000000e+00   0.0%
------------------------------------------------------------------------
Total                1.174989e-05 9.282723e-06 1.513030e-09 2.103413e-05 100.0%
                            55.9%        44.1%         0.0%

