
===========================================================================
 report_power
============================================================================
======================= nom_tt_025C_1v80 Corner ===================================

Group                    Internal    Switching      Leakage        Total
                            Power        Power        Power        Power (Watts)
------------------------------------------------------------------------
Sequential           1.669326e-06 9.030751e-09 8.111877e-12 1.678364e-06   9.2%
Combinational        9.048079e-06 7.474850e-06 4.664922e-10 1.652339e-05  90.8%
Clock                0.000000e+00 0.000000e+00 2.008823e-10 2.008823e-10   0.0%
Macro                0.000000e+00 0.000000e+00 0.000000e+00 0.000000e+00   0.0%
Pad                  0.000000e+00 0.000000e+00 0.000000e+00 0.000000e+00   0.0%
------------------------------------------------------------------------
Total                1.071740e-05 7.483881e-06 6.754859e-10 1.820196e-05 100.0%
                            58.9%        41.1%         0.0%
Writing metric power__internal__total: 1.0717404620663729e-5
Writing metric power__switching__total: 7.483881290681893e-6
Writing metric power__leakage__total: 6.754858894453264e-10
Writing metric power__total: 1.8201961211161688e-5

