
===========================================================================
 report_power
============================================================================
======================= min_ff_n40C_1v95 Corner ===================================

Group                    Internal    Switching      Leakage        Total
                            Power        Power        Power        Power (Watts)
------------------------------------------------------------------------
Sequential           1.940671e-06 2.601548e-08 1.443827e-11 1.966701e-06   9.8%
Combinational        9.775236e-06 8.224149e-06 5.631692e-10 1.799995e-05  90.1%
Clock                0.000000e+00 0.000000e+00 2.661751e-10 2.661751e-10   0.0%
Macro                0.000000e+00 0.000000e+00 0.000000e+00 0.000000e+00   0.0%
Pad                  0.000000e+00 0.000000e+00 0.000000e+00 0.000000e+00   0.0%
------------------------------------------------------------------------
Total                1.171591e-05 8.250165e-06 8.437830e-10 1.996692e-05 100.0%
                            58.7%        41.3%         0.0%

