
===========================================================================
report_checks -path_delay min (Hold)
============================================================================
======================= min_ss_100C_1v60 Corner ===================================

Startpoint: b[16] (input port clocked by clk)
Endpoint: _228_ (rising edge-triggered flip-flop clocked by clk)
Path Group: clk
Path Type: min

Fanout         Cap        Slew       Delay        Time   Description
---------------------------------------------------------------------------------------------
                                  0.000000    0.000000   clock clk (rise edge)
                                  0.000000    0.000000   clock network delay (propagated)
                                  5.000000    5.000000 v input external delay
     1    0.002841    0.018615    0.009348    5.009348 v b[16] (in)
                                                         b[16] (net)
                      0.018615    0.000000    5.009348 v input40/A (sky130_fd_sc_hd__clkbuf_1)
     1    0.004942    0.071927    0.156585    5.165933 v input40/X (sky130_fd_sc_hd__clkbuf_1)
                                                         net40 (net)
                      0.071927    0.000054    5.165987 v _125_/A (sky130_fd_sc_hd__inv_2)
     2    0.006889    0.060643    0.088531    5.254519 ^ _125_/Y (sky130_fd_sc_hd__inv_2)
                                                         _091_ (net)
                      0.060643    0.000123    5.254642 ^ _171_/A (sky130_fd_sc_hd__and2_1)
     1    0.002062    0.070092    0.201418    5.456060 ^ _171_/X (sky130_fd_sc_hd__and2_1)
                                                         _024_ (net)
                      0.070092    0.000019    5.456079 ^ _172_/C (sky130_fd_sc_hd__or4b_1)
     1    0.003214    0.068176    0.175072    5.631150 ^ _172_/X (sky130_fd_sc_hd__or4b_1)
                                                         _025_ (net)
                      0.068176    0.000034    5.631184 ^ _227_/A2 (sky130_fd_sc_hd__o31a_1)
     1    0.002028    0.066317    0.232046    5.863231 ^ _227_/X (sky130_fd_sc_hd__o31a_1)
                                                         _000_ (net)
                      0.066317    0.000019    5.863250 ^ _228_/D (sky130_fd_sc_hd__dfxtp_1)
                                              5.863250   data arrival time

                                  0.000000    0.000000   clock clk (rise edge)
                                  0.000000    0.000000   clock source latency
     2    0.007808    0.066179    0.041507    0.041507 ^ clk (in)
                                                         clk (net)
                      0.066179    0.000000    0.041507 ^ _228_/CLK (sky130_fd_sc_hd__dfxtp_1)
                                  0.250000    0.291507   clock uncertainty
                                  0.000000    0.291507   clock reconvergence pessimism
                                 -0.071771    0.219736   library hold time
                                              0.219736   data required time
---------------------------------------------------------------------------------------------
                                              0.219736   data required time
                                             -5.863250   data arrival time
---------------------------------------------------------------------------------------------
                                              5.643514   slack (MET)


Startpoint: _228_ (rising edge-triggered flip-flop clocked by clk)
Endpoint: z (output port clocked by clk)
Path Group: clk
Path Type: min

Fanout         Cap        Slew       Delay        Time   Description
---------------------------------------------------------------------------------------------
                                  0.000000    0.000000   clock clk (rise edge)
                                  0.000000    0.000000   clock source latency
     2    0.007808    0.066179    0.041507    0.041507 ^ clk (in)
                                                         clk (net)
                      0.066179    0.000000    0.041507 ^ _228_/CLK (sky130_fd_sc_hd__dfxtp_1)
     1    0.007591    0.085701    0.607718    0.649224 v _228_/Q (sky130_fd_sc_hd__dfxtp_1)
                                                         net65 (net)
                      0.085701    0.000247    0.649472 v output65/A (sky130_fd_sc_hd__buf_2)
     1    0.034059    0.164896    0.351590    1.001062 v output65/X (sky130_fd_sc_hd__buf_2)
                                                         z (net)
                      0.164896    0.000172    1.001233 v z (out)
                                              1.001233   data arrival time

                                  0.000000    0.000000   clock clk (rise edge)
                                  0.000000    0.000000   clock network delay (propagated)
                                  0.250000    0.250000   clock uncertainty
                                  0.000000    0.250000   clock reconvergence pessimism
                                 -5.000000   -4.750000   output external delay
                                             -4.750000   data required time
---------------------------------------------------------------------------------------------
                                             -4.750000   data required time
                                             -1.001233   data arrival time
---------------------------------------------------------------------------------------------
                                              5.751234   slack (MET)



