
===========================================================================
 report_power
============================================================================
======================= min_ss_100C_1v60 Corner ===================================

Group                    Internal    Switching      Leakage        Total
                            Power        Power        Power        Power (Watts)
------------------------------------------------------------------------
Sequential           1.303740e-06 2.675253e-08 1.351832e-08 1.344011e-06   8.4%
Combinational        7.468356e-06 6.302096e-06 7.976118e-07 1.456806e-05  91.6%
Clock                -1.506512e-09 0.000000e+00 4.733260e-10 -1.033186e-09  -0.0%
Macro                0.000000e+00 0.000000e+00 0.000000e+00 0.000000e+00   0.0%
Pad                  0.000000e+00 0.000000e+00 0.000000e+00 0.000000e+00   0.0%
------------------------------------------------------------------------
Total                8.770591e-06 6.328848e-06 8.116035e-07 1.591104e-05 100.0%
                            55.1%        39.8%         5.1%

