
===========================================================================
 report_power
============================================================================
======================= min_tt_025C_1v80 Corner ===================================

Group                    Internal    Switching      Leakage        Total
                            Power        Power        Power        Power (Watts)
------------------------------------------------------------------------
Sequential           1.670547e-06 2.793938e-08 8.111877e-12 1.698495e-06   9.3%
Combinational        9.082535e-06 7.518709e-06 4.664922e-10 1.660171e-05  90.7%
Clock                0.000000e+00 0.000000e+00 7.970513e-10 7.970513e-10   0.0%
Macro                0.000000e+00 0.000000e+00 0.000000e+00 0.000000e+00   0.0%
Pad                  0.000000e+00 0.000000e+00 0.000000e+00 0.000000e+00   0.0%
------------------------------------------------------------------------
Total                1.075308e-05 7.546648e-06 1.271659e-09 1.830100e-05 100.0%
                            58.8%        41.2%         0.0%

