
===========================================================================
 report_power
============================================================================
======================= nom_tt_025C_1v80 Corner ===================================

Group                    Internal    Switching      Leakage        Total
                            Power        Power        Power        Power (Watts)
------------------------------------------------------------------------
Sequential           8.361855e-06 9.173916e-08 8.111877e-12 8.453602e-06   9.1%
Combinational        4.747662e-05 3.655811e-05 4.881942e-10 8.403521e-05  90.9%
Clock                0.000000e+00 0.000000e+00 1.036812e-10 1.036812e-10   0.0%
Macro                0.000000e+00 0.000000e+00 0.000000e+00 0.000000e+00   0.0%
Pad                  0.000000e+00 0.000000e+00 0.000000e+00 0.000000e+00   0.0%
------------------------------------------------------------------------
Total                5.583847e-05 3.664984e-05 5.999872e-10 9.248891e-05 100.0%
                            60.4%        39.6%         0.0%
Writing metric power__internal__total: 5.5838470871094614e-5
Writing metric power__switching__total: 3.664984251372516e-5
Writing metric power__leakage__total: 5.999872265682882e-10
Writing metric power__total: 9.248891001334414e-5

