
===========================================================================
 report_power
============================================================================
======================= min_tt_025C_1v80 Corner ===================================

Group                    Internal    Switching      Leakage        Total
                            Power        Power        Power        Power (Watts)
------------------------------------------------------------------------
Sequential           1.673114e-06 2.497335e-08 8.111877e-12 1.698095e-06   9.6%
Combinational        9.048546e-06 6.944059e-06 4.664922e-10 1.599307e-05  90.4%
Clock                0.000000e+00 0.000000e+00 2.268031e-10 2.268031e-10   0.0%
Macro                0.000000e+00 0.000000e+00 0.000000e+00 0.000000e+00   0.0%
Pad                  0.000000e+00 0.000000e+00 0.000000e+00 0.000000e+00   0.0%
------------------------------------------------------------------------
Total                1.072166e-05 6.969032e-06 7.014075e-10 1.769139e-05 100.0%
                            60.6%        39.4%         0.0%

