
===========================================================================
report_checks -unconstrained
===========================================================================
======================= max_ss_100C_1v60 Corner ===================================

Startpoint: a[30] (input port clocked by clk)
Endpoint: _228_ (rising edge-triggered flip-flop clocked by clk)
Path Group: clk
Path Type: max

Fanout         Cap        Slew       Delay        Time   Description
---------------------------------------------------------------------------------------------
                                  0.000000    0.000000   clock clk (rise edge)
                                  0.000000    0.000000   clock network delay (propagated)
                                  5.000000    5.000000 ^ input external delay
     1    0.003479    0.036778    0.019422    5.019423 ^ a[30] (in)
                                                         a[30] (net)
                      0.036778    0.000000    5.019423 ^ input24/A (sky130_fd_sc_hd__buf_1)
     2    0.007671    0.158964    0.199126    5.218549 ^ input24/X (sky130_fd_sc_hd__buf_1)
                                                         net24 (net)
                      0.158964    0.000318    5.218866 ^ _133_/A_N (sky130_fd_sc_hd__and2b_1)
     2    0.005949    0.091240    0.421697    5.640564 v _133_/X (sky130_fd_sc_hd__and2b_1)
                                                         _099_ (net)
                      0.091240    0.000371    5.640934 v _137_/B1 (sky130_fd_sc_hd__a2111o_1)
     2    0.005268    0.133443    0.773872    6.414807 v _137_/X (sky130_fd_sc_hd__a2111o_1)
                                                         _103_ (net)
                      0.133443    0.000306    6.415112 v _141_/A (sky130_fd_sc_hd__or4b_1)
     3    0.007665    0.234237    1.316015    7.731127 v _141_/X (sky130_fd_sc_hd__or4b_1)
                                                         _107_ (net)
                      0.234237    0.000440    7.731567 v _152_/A (sky130_fd_sc_hd__or3_1)
     2    0.007693    0.185412    0.977018    8.708585 v _152_/X (sky130_fd_sc_hd__or3_1)
                                                         _005_ (net)
                      0.185412    0.000497    8.709083 v _163_/A (sky130_fd_sc_hd__or2_1)
     1    0.002790    0.096812    0.540098    9.249181 v _163_/X (sky130_fd_sc_hd__or2_1)
                                                         _016_ (net)
                      0.096812    0.000131    9.249310 v _227_/A1 (sky130_fd_sc_hd__o31a_1)
     1    0.002222    0.080144    0.551829    9.801140 v _227_/X (sky130_fd_sc_hd__o31a_1)
                                                         _000_ (net)
                      0.080144    0.000156    9.801296 v _228_/D (sky130_fd_sc_hd__dfxtp_1)
                                              9.801296   data arrival time

                                 25.000000   25.000000   clock clk (rise edge)
                                  0.000000   25.000000   clock source latency
     2    0.008695    0.072217    0.046024   25.046022 ^ clk (in)
                                                         clk (net)
                      0.072218    0.000000   25.046022 ^ _228_/CLK (sky130_fd_sc_hd__dfxtp_1)
                                 -0.250000   24.796024   clock uncertainty
                                  0.000000   24.796024   clock reconvergence pessimism
                                 -0.272598   24.523426   library setup time
                                             24.523426   data required time
---------------------------------------------------------------------------------------------
                                             24.523426   data required time
                                             -9.801296   data arrival time
---------------------------------------------------------------------------------------------
                                             14.722130   slack (MET)




===========================================================================
report_checks --slack_max -0.01
============================================================================
======================= max_ss_100C_1v60 Corner ===================================

No paths found.


===========================================================================
 report_check_types -max_slew -max_cap -max_fanout -violators
============================================================================
======================= max_ss_100C_1v60 Corner ===================================



===========================================================================
report_parasitic_annotation -report_unannotated
============================================================================
Found 0 unannotated drivers.
Found 0 partially unannotated drivers.

===========================================================================
max slew violation count 0
max fanout violation count 0
max cap violation count 0
============================================================================

===========================================================================
check_setup -verbose -unconstrained_endpoints -multiple_clock -no_clock -no_input_delay -loops -generated_clocks
===========================================================================
