
===========================================================================
 report_power
============================================================================
======================= max_ss_100C_1v60 Corner ===================================

Group                    Internal    Switching      Leakage        Total
                            Power        Power        Power        Power (Watts)
------------------------------------------------------------------------
Sequential           1.299183e-06 3.085131e-08 1.351832e-08 1.343552e-06   8.2%
Combinational        7.472760e-06 6.789440e-06 7.976118e-07 1.505981e-05  91.8%
Clock                -1.285610e-09 0.000000e+00 4.733260e-10 -8.122838e-10  -0.0%
Macro                0.000000e+00 0.000000e+00 0.000000e+00 0.000000e+00   0.0%
Pad                  0.000000e+00 0.000000e+00 0.000000e+00 0.000000e+00   0.0%
------------------------------------------------------------------------
Total                8.770658e-06 6.820291e-06 8.116035e-07 1.640255e-05 100.0%
                            53.5%        41.6%         4.9%

