
===========================================================================
 report_power
============================================================================
======================= min_ss_100C_1v60 Corner ===================================

Group                    Internal    Switching      Leakage        Total
                            Power        Power        Power        Power (Watts)
------------------------------------------------------------------------
Sequential           1.315147e-06 2.188841e-08 1.351832e-08 1.350554e-06   8.7%
Combinational        7.490723e-06 5.871510e-06 7.976118e-07 1.415984e-05  91.3%
Clock                0.000000e+00 0.000000e+00 7.830284e-10 7.830284e-10   0.0%
Macro                0.000000e+00 0.000000e+00 0.000000e+00 0.000000e+00   0.0%
Pad                  0.000000e+00 0.000000e+00 0.000000e+00 0.000000e+00   0.0%
------------------------------------------------------------------------
Total                8.805872e-06 5.893397e-06 8.119132e-07 1.551118e-05 100.0%
                            56.8%        38.0%         5.2%

