
===========================================================================
 report_power
============================================================================
======================= nom_ff_n40C_1v95 Corner ===================================

Group                    Internal    Switching      Leakage        Total
                            Power        Power        Power        Power (Watts)
------------------------------------------------------------------------
Sequential           1.934583e-06 4.357980e-08 1.443827e-11 1.978177e-06   9.1%
Combinational        9.788749e-06 9.948643e-06 5.631692e-10 1.973796e-05  90.9%
Clock                2.793096e-09 0.000000e+00 5.703819e-10 3.363478e-09   0.0%
Macro                0.000000e+00 0.000000e+00 0.000000e+00 0.000000e+00   0.0%
Pad                  0.000000e+00 0.000000e+00 0.000000e+00 0.000000e+00   0.0%
------------------------------------------------------------------------
Total                1.172612e-05 9.992224e-06 1.147994e-09 2.171950e-05 100.0%
                            54.0%        46.0%         0.0%

