
===========================================================================
 report_power
============================================================================
======================= nom_tt_025C_1v80 Corner ===================================

Group                    Internal    Switching      Leakage        Total
                            Power        Power        Power        Power (Watts)
------------------------------------------------------------------------
Sequential           8.394991e-06 7.739180e-08 8.111877e-12 8.472391e-06  10.0%
Combinational        4.513953e-05 3.071660e-05 4.664922e-10 7.585660e-05  90.0%
Clock                0.000000e+00 0.000000e+00 1.036812e-10 1.036812e-10   0.0%
Macro                0.000000e+00 0.000000e+00 0.000000e+00 0.000000e+00   0.0%
Pad                  0.000000e+00 0.000000e+00 0.000000e+00 0.000000e+00   0.0%
------------------------------------------------------------------------
Total                5.353452e-05 3.079400e-05 5.782853e-10 8.432910e-05 100.0%
                            63.5%        36.5%         0.0%
Writing metric power__internal__total: 5.3534524340648204e-5
Writing metric power__switching__total: 3.0793995392741635e-5
Writing metric power__leakage__total: 5.782853085278816e-10
Writing metric power__total: 8.432909817202017e-5

