
===========================================================================
report_checks -path_delay max (Setup)
============================================================================
======================= nom_tt_025C_1v80 Corner ===================================

Startpoint: a[30] (input port clocked by clk)
Endpoint: _228_ (rising edge-triggered flip-flop clocked by clk)
Path Group: clk
Path Type: max

Fanout         Cap        Slew       Delay        Time   Description
---------------------------------------------------------------------------------------------
                                  0.000000    0.000000   clock clk (rise edge)
                                  0.000000    0.000000   clock network delay (propagated)
                                  5.000000    5.000000 ^ input external delay
     1    0.003364    0.022175    0.012284    5.012284 ^ a[30] (in)
                                                         a[30] (net)
                      0.022175    0.000000    5.012284 ^ input24/A (sky130_fd_sc_hd__buf_1)
     2    0.006978    0.093166    0.106066    5.118350 ^ input24/X (sky130_fd_sc_hd__buf_1)
                                                         net24 (net)
                      0.093166    0.000028    5.118378 ^ _133_/A_N (sky130_fd_sc_hd__and2b_1)
     2    0.005027    0.044462    0.193449    5.311827 v _133_/X (sky130_fd_sc_hd__and2b_1)
                                                         _099_ (net)
                      0.044462    0.000014    5.311841 v _137_/B1 (sky130_fd_sc_hd__a2111o_1)
     2    0.004303    0.068985    0.385888    5.697729 v _137_/X (sky130_fd_sc_hd__a2111o_1)
                                                         _103_ (net)
                      0.068985    0.000020    5.697749 v _141_/A (sky130_fd_sc_hd__or4b_1)
     3    0.006349    0.105303    0.552309    6.250058 v _141_/X (sky130_fd_sc_hd__or4b_1)
                                                         _107_ (net)
                      0.105303    0.000051    6.250109 v _152_/A (sky130_fd_sc_hd__or3_1)
     2    0.005344    0.078849    0.402507    6.652617 v _152_/X (sky130_fd_sc_hd__or3_1)
                                                         _005_ (net)
                      0.078849    0.000081    6.652697 v _163_/A (sky130_fd_sc_hd__or2_1)
     1    0.002496    0.047393    0.230064    6.882761 v _163_/X (sky130_fd_sc_hd__or2_1)
                                                         _016_ (net)
                      0.047393    0.000007    6.882768 v _227_/A1 (sky130_fd_sc_hd__o31a_1)
     1    0.002063    0.044099    0.281736    7.164504 v _227_/X (sky130_fd_sc_hd__o31a_1)
                                                         _000_ (net)
                      0.044099    0.000008    7.164511 v _228_/D (sky130_fd_sc_hd__dfxtp_1)
                                              7.164511   data arrival time

                                 25.000000   25.000000   clock clk (rise edge)
                                  0.000000   25.000000   clock source latency
     1    0.001877    0.016287    0.007061   25.007061 ^ clk (in)
                                                         clk (net)
                      0.016287    0.000000   25.007061 ^ _228_/CLK (sky130_fd_sc_hd__dfxtp_1)
                                 -0.250000   24.757061   clock uncertainty
                                  0.000000   24.757061   clock reconvergence pessimism
                                 -0.116842   24.640219   library setup time
                                             24.640219   data required time
---------------------------------------------------------------------------------------------
                                             24.640219   data required time
                                             -7.164511   data arrival time
---------------------------------------------------------------------------------------------
                                             17.475708   slack (MET)


Startpoint: _228_ (rising edge-triggered flip-flop clocked by clk)
Endpoint: z (output port clocked by clk)
Path Group: clk
Path Type: max

Fanout         Cap        Slew       Delay        Time   Description
---------------------------------------------------------------------------------------------
                                  0.000000    0.000000   clock clk (rise edge)
                                  0.000000    0.000000   clock source latency
     1    0.001877    0.016287    0.007062    0.007062 ^ clk (in)
                                                         clk (net)
                      0.016287    0.000000    0.007062 ^ _228_/CLK (sky130_fd_sc_hd__dfxtp_1)
     1    0.005379    0.062438    0.306312    0.313374 ^ _228_/Q (sky130_fd_sc_hd__dfxtp_1)
                                                         net65 (net)
                      0.062438    0.000147    0.313521 ^ output65/A (sky130_fd_sc_hd__buf_2)
     1    0.034053    0.169159    0.204095    0.517617 ^ output65/X (sky130_fd_sc_hd__buf_2)
                                                         z (net)
                      0.169159    0.000236    0.517853 ^ z (out)
                                              0.517853   data arrival time

                                 25.000000   25.000000   clock clk (rise edge)
                                  0.000000   25.000000   clock network delay (propagated)
                                 -0.250000   24.750000   clock uncertainty
                                  0.000000   24.750000   clock reconvergence pessimism
                                 -5.000000   19.750000   output external delay
                                             19.750000   data required time
---------------------------------------------------------------------------------------------
                                             19.750000   data required time
                                             -0.517853   data arrival time
---------------------------------------------------------------------------------------------
                                             19.232147   slack (MET)



