
===========================================================================
report_checks -path_delay max (Setup)
============================================================================
======================= max_ff_n40C_1v95 Corner ===================================

Startpoint: a[30] (input port clocked by clk)
Endpoint: _228_ (rising edge-triggered flip-flop clocked by clk)
Path Group: clk
Path Type: max

Fanout         Cap        Slew       Delay        Time   Description
---------------------------------------------------------------------------------------------
                                  0.000000    0.000000   clock clk (rise edge)
                                  0.000000    0.000000   clock network delay (propagated)
                                  5.000000    5.000000 ^ input external delay
     1    0.002990    0.014599    0.007781    5.007781 ^ a[30] (in)
                                                         a[30] (net)
                      0.014601    0.000000    5.007781 ^ input24/A (sky130_fd_sc_hd__buf_1)
     2    0.008761    0.082092    0.082771    5.090552 ^ input24/X (sky130_fd_sc_hd__buf_1)
                                                         net24 (net)
                      0.082095    0.000399    5.090951 ^ _133_/A_N (sky130_fd_sc_hd__and2b_1)
     2    0.006061    0.034078    0.123229    5.214180 v _133_/X (sky130_fd_sc_hd__and2b_1)
                                                         _099_ (net)
                      0.034080    0.000329    5.214509 v _137_/B1 (sky130_fd_sc_hd__a2111o_1)
     2    0.007865    0.059378    0.195718    5.410227 v _137_/X (sky130_fd_sc_hd__a2111o_1)
                                                         _103_ (net)
                      0.059380    0.000444    5.410671 v _141_/A (sky130_fd_sc_hd__or4b_1)
     3    0.010553    0.086305    0.342104    5.752775 v _141_/X (sky130_fd_sc_hd__or4b_1)
                                                         _107_ (net)
                      0.086335    0.000785    5.753560 v _152_/A (sky130_fd_sc_hd__or3_1)
     2    0.004512    0.049735    0.233212    5.986772 v _152_/X (sky130_fd_sc_hd__or3_1)
                                                         _005_ (net)
                      0.049735    0.000199    5.986971 v _163_/A (sky130_fd_sc_hd__or2_1)
     1    0.003040    0.033158    0.137540    6.124511 v _163_/X (sky130_fd_sc_hd__or2_1)
                                                         _016_ (net)
                      0.033158    0.000131    6.124642 v _227_/A1 (sky130_fd_sc_hd__o31a_1)
     1    0.002538    0.033269    0.174604    6.299247 v _227_/X (sky130_fd_sc_hd__o31a_1)
                                                         _000_ (net)
                      0.033269    0.000173    6.299420 v _228_/D (sky130_fd_sc_hd__dfxtp_1)
                                              6.299420   data arrival time

                                 25.000000   25.000000   clock clk (rise edge)
                                  0.000000   25.000000   clock source latency
     1    0.006474    0.026631    0.016623   25.016623 ^ clk (in)
                                                         clk (net)
                      0.026633    0.000000   25.016623 ^ _228_/CLK (sky130_fd_sc_hd__dfxtp_1)
                                 -0.250000   24.766623   clock uncertainty
                                  0.000000   24.766623   clock reconvergence pessimism
                                 -0.070973   24.695650   library setup time
                                             24.695650   data required time
---------------------------------------------------------------------------------------------
                                             24.695650   data required time
                                             -6.299420   data arrival time
---------------------------------------------------------------------------------------------
                                             18.396231   slack (MET)


Startpoint: _228_ (rising edge-triggered flip-flop clocked by clk)
Endpoint: z (output port clocked by clk)
Path Group: clk
Path Type: max

Fanout         Cap        Slew       Delay        Time   Description
---------------------------------------------------------------------------------------------
                                  0.000000    0.000000   clock clk (rise edge)
                                  0.000000    0.000000   clock source latency
     1    0.006474    0.026631    0.016623    0.016623 ^ clk (in)
                                                         clk (net)
                      0.026633    0.000000    0.016623 ^ _228_/CLK (sky130_fd_sc_hd__dfxtp_1)
     1    0.007181    0.058001    0.204175    0.220798 ^ _228_/Q (sky130_fd_sc_hd__dfxtp_1)
                                                         net65 (net)
                      0.058003    0.000436    0.221234 ^ output65/A (sky130_fd_sc_hd__buf_2)
     1    0.034441    0.128865    0.144820    0.366055 ^ output65/X (sky130_fd_sc_hd__buf_2)
                                                         z (net)
                      0.128894    0.001613    0.367667 ^ z (out)
                                              0.367667   data arrival time

                                 25.000000   25.000000   clock clk (rise edge)
                                  0.000000   25.000000   clock network delay (propagated)
                                 -0.250000   24.750000   clock uncertainty
                                  0.000000   24.750000   clock reconvergence pessimism
                                 -5.000000   19.750000   output external delay
                                             19.750000   data required time
---------------------------------------------------------------------------------------------
                                             19.750000   data required time
                                             -0.367667   data arrival time
---------------------------------------------------------------------------------------------
                                             19.382332   slack (MET)



