
===========================================================================
 report_power
============================================================================
======================= max_ff_n40C_1v95 Corner ===================================

Group                    Internal    Switching      Leakage        Total
                            Power        Power        Power        Power (Watts)
------------------------------------------------------------------------
Sequential           1.937616e-06 3.696675e-08 1.443827e-11 1.974597e-06   9.3%
Combinational        9.816714e-06 9.492058e-06 5.631692e-10 1.930934e-05  90.7%
Clock                0.000000e+00 0.000000e+00 9.354175e-10 9.354175e-10   0.0%
Macro                0.000000e+00 0.000000e+00 0.000000e+00 0.000000e+00   0.0%
Pad                  0.000000e+00 0.000000e+00 0.000000e+00 0.000000e+00   0.0%
------------------------------------------------------------------------
Total                1.175433e-05 9.529024e-06 1.513030e-09 2.128487e-05 100.0%
                            55.2%        44.8%         0.0%

