
===========================================================================
report_checks -unconstrained
===========================================================================
======================= nom_ff_n40C_1v95 Corner ===================================

Startpoint: a[31] (input port clocked by clk)
Endpoint: _228_ (rising edge-triggered flip-flop clocked by clk)
Path Group: clk
Path Type: max

Fanout         Cap        Slew       Delay        Time   Description
---------------------------------------------------------------------------------------------
                                  0.000000    0.000000   clock clk (rise edge)
                                  0.000000    0.000000   clock network delay (propagated)
                                  1.000000    1.000000 ^ input external delay
     1    0.004997    0.021694    0.012972    1.012972 ^ a[31] (in)
                                                         a[31] (net)
                      0.021695    0.000000    1.012972 ^ input25/A (sky130_fd_sc_hd__clkbuf_1)
     1    0.007167    0.068692    0.075438    1.088410 ^ input25/X (sky130_fd_sc_hd__clkbuf_1)
                                                         net25 (net)
                      0.068693    0.000278    1.088688 ^ _114_/A (sky130_fd_sc_hd__inv_2)
     4    0.013158    0.032817    0.035138    1.123826 v _114_/Y (sky130_fd_sc_hd__inv_2)
                                                         _080_ (net)
                      0.032822    0.000348    1.124174 v _137_/A2 (sky130_fd_sc_hd__a2111o_1)
     2    0.005054    0.049139    0.253752    1.377927 v _137_/X (sky130_fd_sc_hd__a2111o_1)
                                                         _103_ (net)
                      0.049140    0.000113    1.378040 v _141_/A (sky130_fd_sc_hd__or4b_4)
     3    0.009662    0.064874    0.333484    1.711523 v _141_/X (sky130_fd_sc_hd__or4b_4)
                                                         _107_ (net)
                      0.064874    0.000274    1.711797 v _152_/A (sky130_fd_sc_hd__or3_4)
     2    0.006297    0.047883    0.243023    1.954820 v _152_/X (sky130_fd_sc_hd__or3_4)
                                                         _005_ (net)
                      0.047883    0.000157    1.954977 v _163_/B (sky130_fd_sc_hd__or2_4)
     1    0.002984    0.030806    0.138923    2.093899 v _163_/X (sky130_fd_sc_hd__or2_4)
                                                         _016_ (net)
                      0.030806    0.000064    2.093964 v _227_/A1 (sky130_fd_sc_hd__o31a_1)
     1    0.002545    0.033251    0.173846    2.267809 v _227_/X (sky130_fd_sc_hd__o31a_1)
                                                         _000_ (net)
                      0.033251    0.000074    2.267884 v _228_/D (sky130_fd_sc_hd__dfxtp_1)
                                              2.267884   data arrival time

                                  5.000000    5.000000   clock clk (rise edge)
                                  0.000000    5.000000   clock source latency
     1    0.004830    0.021119    0.012591    5.012591 ^ clk (in)
                                                         clk (net)
                      0.021120    0.000000    5.012591 ^ _228_/CLK (sky130_fd_sc_hd__dfxtp_1)
                                 -0.250000    4.762591   clock uncertainty
                                  0.000000    4.762591   clock reconvergence pessimism
                                 -0.071497    4.691093   library setup time
                                              4.691093   data required time
---------------------------------------------------------------------------------------------
                                              4.691093   data required time
                                             -2.267884   data arrival time
---------------------------------------------------------------------------------------------
                                              2.423210   slack (MET)




===========================================================================
report_checks --slack_max -0.01
============================================================================
======================= nom_ff_n40C_1v95 Corner ===================================

No paths found.


===========================================================================
 report_check_types -max_slew -max_cap -max_fanout -violators
============================================================================
======================= nom_ff_n40C_1v95 Corner ===================================



===========================================================================
report_parasitic_annotation -report_unannotated
============================================================================
Found 0 unannotated drivers.
Found 0 partially unannotated drivers.

===========================================================================
max slew violation count 0
max fanout violation count 0
max cap violation count 0
============================================================================

===========================================================================
check_setup -verbose -unconstrained_endpoints -multiple_clock -no_clock -no_input_delay -loops -generated_clocks
===========================================================================
