
===========================================================================
 report_power
============================================================================
======================= nom_ff_n40C_1v95 Corner ===================================

Group                    Internal    Switching      Leakage        Total
                            Power        Power        Power        Power (Watts)
------------------------------------------------------------------------
Sequential           9.701861e-06 1.430732e-07 1.443827e-11 9.844949e-06   9.4%
Combinational        5.142800e-05 4.343422e-05 6.104142e-10 9.486283e-05  90.6%
Clock                0.000000e+00 0.000000e+00 2.471625e-10 2.471625e-10   0.0%
Macro                0.000000e+00 0.000000e+00 0.000000e+00 0.000000e+00   0.0%
Pad                  0.000000e+00 0.000000e+00 0.000000e+00 0.000000e+00   0.0%
------------------------------------------------------------------------
Total                6.112985e-05 4.357729e-05 8.720153e-10 1.047080e-04 100.0%
                            58.4%        41.6%         0.0%

