
===========================================================================
report_checks -path_delay min (Hold)
============================================================================
======================= max_ff_n40C_1v95 Corner ===================================

Startpoint: b[16] (input port clocked by clk)
Endpoint: _228_ (rising edge-triggered flip-flop clocked by clk)
Path Group: clk
Path Type: min

Fanout         Cap        Slew       Delay        Time   Description
---------------------------------------------------------------------------------------------
                                  0.000000    0.000000   clock clk (rise edge)
                                  0.000000    0.000000   clock network delay (propagated)
                                  1.000000    1.000000 v input external delay
     1    0.003255    0.005386    0.002722    1.002722 v b[16] (in)
                                                         b[16] (net)
                      0.005391    0.000000    1.002722 v input40/A (sky130_fd_sc_hd__clkbuf_1)
     1    0.005370    0.027340    0.055049    1.057771 v input40/X (sky130_fd_sc_hd__clkbuf_1)
                                                         net40 (net)
                      0.027348    0.000393    1.058163 v _125_/A (sky130_fd_sc_hd__inv_2)
     2    0.005335    0.023515    0.032177    1.090340 ^ _125_/Y (sky130_fd_sc_hd__inv_2)
                                                         _091_ (net)
                      0.023520    0.000242    1.090583 ^ _171_/A (sky130_fd_sc_hd__and2_1)
     1    0.002875    0.032913    0.066392    1.156975 ^ _171_/X (sky130_fd_sc_hd__and2_1)
                                                         _024_ (net)
                      0.032915    0.000179    1.157154 ^ _172_/C (sky130_fd_sc_hd__or4b_1)
     1    0.003620    0.032724    0.067610    1.224764 ^ _172_/X (sky130_fd_sc_hd__or4b_1)
                                                         _025_ (net)
                      0.032727    0.000241    1.225005 ^ _227_/A2 (sky130_fd_sc_hd__o31a_1)
     1    0.002577    0.029400    0.075256    1.300260 ^ _227_/X (sky130_fd_sc_hd__o31a_1)
                                                         _000_ (net)
                      0.029403    0.000187    1.300447 ^ _228_/D (sky130_fd_sc_hd__dfxtp_1)
                                              1.300447   data arrival time

                                  0.000000    0.000000   clock clk (rise edge)
                                  0.000000    0.000000   clock source latency
     1    0.005110    0.022044    0.013318    0.013318 ^ clk (in)
                                                         clk (net)
                      0.022047    0.000000    0.013318 ^ _228_/CLK (sky130_fd_sc_hd__dfxtp_1)
                                  0.250000    0.263318   clock uncertainty
                                  0.000000    0.263318   clock reconvergence pessimism
                                 -0.017400    0.245917   library hold time
                                              0.245917   data required time
---------------------------------------------------------------------------------------------
                                              0.245917   data required time
                                             -1.300447   data arrival time
---------------------------------------------------------------------------------------------
                                              1.054529   slack (MET)


Startpoint: _228_ (rising edge-triggered flip-flop clocked by clk)
Endpoint: z (output port clocked by clk)
Path Group: clk
Path Type: min

Fanout         Cap        Slew       Delay        Time   Description
---------------------------------------------------------------------------------------------
                                  0.000000    0.000000   clock clk (rise edge)
                                  0.000000    0.000000   clock source latency
     1    0.005110    0.022044    0.013318    0.013318 ^ clk (in)
                                                         clk (net)
                      0.022047    0.000000    0.013318 ^ _228_/CLK (sky130_fd_sc_hd__dfxtp_1)
     1    0.005679    0.027343    0.190034    0.203351 v _228_/Q (sky130_fd_sc_hd__dfxtp_1)
                                                         net65 (net)
                      0.027358    0.000506    0.203858 v output65/A (sky130_fd_sc_hd__buf_2)
     1    0.034327    0.062894    0.115521    0.319379 v output65/X (sky130_fd_sc_hd__buf_2)
                                                         z (net)
                      0.062956    0.001648    0.321027 v z (out)
                                              0.321027   data arrival time

                                  0.000000    0.000000   clock clk (rise edge)
                                  0.000000    0.000000   clock network delay (propagated)
                                  0.250000    0.250000   clock uncertainty
                                  0.000000    0.250000   clock reconvergence pessimism
                                 -1.000000   -0.750000   output external delay
                                             -0.750000   data required time
---------------------------------------------------------------------------------------------
                                             -0.750000   data required time
                                             -0.321027   data arrival time
---------------------------------------------------------------------------------------------
                                              1.071027   slack (MET)



