
===========================================================================
 report_power
============================================================================
======================= max_ff_n40C_1v95 Corner ===================================

Group                    Internal    Switching      Leakage        Total
                            Power        Power        Power        Power (Watts)
------------------------------------------------------------------------
Sequential           9.699567e-06 1.502633e-07 1.443827e-11 9.849845e-06   9.3%
Combinational        5.144427e-05 4.454038e-05 6.104142e-10 9.598526e-05  90.7%
Clock                0.000000e+00 0.000000e+00 2.471625e-10 2.471625e-10   0.0%
Macro                0.000000e+00 0.000000e+00 0.000000e+00 0.000000e+00   0.0%
Pad                  0.000000e+00 0.000000e+00 0.000000e+00 0.000000e+00   0.0%
------------------------------------------------------------------------
Total                6.114384e-05 4.469064e-05 8.720153e-10 1.058354e-04 100.0%
                            57.8%        42.2%         0.0%

