
===========================================================================
 report_power
============================================================================
======================= max_ss_100C_1v60 Corner ===================================

Group                    Internal    Switching      Leakage        Total
                            Power        Power        Power        Power (Watts)
------------------------------------------------------------------------
Sequential           6.593554e-06 9.899737e-08 1.351832e-08 6.706070e-06   8.8%
Combinational        3.913795e-05 2.919343e-05 8.308733e-07 6.916226e-05  91.2%
Clock                0.000000e+00 0.000000e+00 2.030039e-10 2.030039e-10   0.0%
Macro                0.000000e+00 0.000000e+00 0.000000e+00 0.000000e+00   0.0%
Pad                  0.000000e+00 0.000000e+00 0.000000e+00 0.000000e+00   0.0%
------------------------------------------------------------------------
Total                4.573151e-05 2.929242e-05 8.445946e-07 7.586852e-05 100.0%
                            60.3%        38.6%         1.1%

