
===========================================================================
report_checks -path_delay max (Setup)
============================================================================
======================= max_ff_n40C_1v95 Corner ===================================

Startpoint: a[30] (input port clocked by clk)
Endpoint: _228_ (rising edge-triggered flip-flop clocked by clk)
Path Group: clk
Path Type: max

Fanout         Cap        Slew       Delay        Time   Description
---------------------------------------------------------------------------------------------
                                  0.000000    0.000000   clock clk (rise edge)
                                  0.000000    0.000000   clock network delay (propagated)
                                  5.000000    5.000000 ^ input external delay
     1    0.003151    0.015175    0.008203    5.008204 ^ a[30] (in)
                                                         a[30] (net)
                      0.015177    0.000000    5.008204 ^ input24/A (sky130_fd_sc_hd__buf_1)
     2    0.007582    0.072141    0.075967    5.084170 ^ input24/X (sky130_fd_sc_hd__buf_1)
                                                         net24 (net)
                      0.072145    0.000398    5.084569 ^ _133_/A_N (sky130_fd_sc_hd__and2b_1)
     2    0.006375    0.035014    0.123003    5.207572 v _133_/X (sky130_fd_sc_hd__and2b_1)
                                                         _099_ (net)
                      0.035022    0.000435    5.208007 v _137_/B1 (sky130_fd_sc_hd__a2111o_1)
     2    0.005607    0.050992    0.186923    5.394930 v _137_/X (sky130_fd_sc_hd__a2111o_1)
                                                         _103_ (net)
                      0.050996    0.000343    5.395274 v _141_/A (sky130_fd_sc_hd__or4b_1)
     3    0.008750    0.079552    0.329965    5.725238 v _141_/X (sky130_fd_sc_hd__or4b_1)
                                                         _107_ (net)
                      0.079557    0.000500    5.725738 v _152_/A (sky130_fd_sc_hd__or3_1)
     2    0.006212    0.055651    0.239327    5.965065 v _152_/X (sky130_fd_sc_hd__or3_1)
                                                         _005_ (net)
                      0.055657    0.000466    5.965531 v _163_/A (sky130_fd_sc_hd__or2_1)
     1    0.002955    0.032844    0.138985    6.104516 v _163_/X (sky130_fd_sc_hd__or2_1)
                                                         _016_ (net)
                      0.032844    0.000143    6.104659 v _227_/A1 (sky130_fd_sc_hd__o31a_1)
     1    0.002688    0.033745    0.175319    6.279978 v _227_/X (sky130_fd_sc_hd__o31a_1)
                                                         _000_ (net)
                      0.033745    0.000194    6.280172 v _228_/D (sky130_fd_sc_hd__dfxtp_1)
                                              6.280172   data arrival time

                                 25.000000   25.000000   clock clk (rise edge)
                                  0.000000   25.000000   clock source latency
     1    0.005197    0.022334    0.013536   25.013535 ^ clk (in)
                                                         clk (net)
                      0.022338    0.000000   25.013535 ^ _228_/CLK (sky130_fd_sc_hd__dfxtp_1)
                                 -0.250000   24.763536   clock uncertainty
                                  0.000000   24.763536   clock reconvergence pessimism
                                 -0.071557   24.691978   library setup time
                                             24.691978   data required time
---------------------------------------------------------------------------------------------
                                             24.691978   data required time
                                             -6.280172   data arrival time
---------------------------------------------------------------------------------------------
                                             18.411808   slack (MET)


Startpoint: _228_ (rising edge-triggered flip-flop clocked by clk)
Endpoint: z (output port clocked by clk)
Path Group: clk
Path Type: max

Fanout         Cap        Slew       Delay        Time   Description
---------------------------------------------------------------------------------------------
                                  0.000000    0.000000   clock clk (rise edge)
                                  0.000000    0.000000   clock source latency
     1    0.005197    0.022334    0.013537    0.013537 ^ clk (in)
                                                         clk (net)
                      0.022338    0.000000    0.013537 ^ _228_/CLK (sky130_fd_sc_hd__dfxtp_1)
     1    0.006627    0.054241    0.200124    0.213661 ^ _228_/Q (sky130_fd_sc_hd__dfxtp_1)
                                                         net65 (net)
                      0.054251    0.000603    0.214264 ^ output65/A (sky130_fd_sc_hd__buf_2)
     1    0.034327    0.128464    0.143644    0.357908 ^ output65/X (sky130_fd_sc_hd__buf_2)
                                                         z (net)
                      0.128495    0.001651    0.359559 ^ z (out)
                                              0.359559   data arrival time

                                 25.000000   25.000000   clock clk (rise edge)
                                  0.000000   25.000000   clock network delay (propagated)
                                 -0.250000   24.750000   clock uncertainty
                                  0.000000   24.750000   clock reconvergence pessimism
                                 -5.000000   19.750000   output external delay
                                             19.750000   data required time
---------------------------------------------------------------------------------------------
                                             19.750000   data required time
                                             -0.359559   data arrival time
---------------------------------------------------------------------------------------------
                                             19.390440   slack (MET)



