
===========================================================================
report_checks -path_delay min (Hold)
============================================================================
======================= max_ff_n40C_1v95 Corner ===================================

Startpoint: b[16] (input port clocked by clk)
Endpoint: _228_ (rising edge-triggered flip-flop clocked by clk)
Path Group: clk
Path Type: min

Fanout         Cap        Slew       Delay        Time   Description
---------------------------------------------------------------------------------------------
                                  0.000000    0.000000   clock clk (rise edge)
                                  0.000000    0.000000   clock network delay (propagated)
                                  5.000000    5.000000 v input external delay
     1    0.003222    0.005339    0.002693    5.002694 v b[16] (in)
                                                         b[16] (net)
                      0.005343    0.000000    5.002694 v input40/A (sky130_fd_sc_hd__clkbuf_1)
     1    0.005609    0.028200    0.055767    5.058460 v input40/X (sky130_fd_sc_hd__clkbuf_1)
                                                         net40 (net)
                      0.028209    0.000406    5.058867 v _125_/A (sky130_fd_sc_hd__inv_2)
     2    0.005146    0.023039    0.032082    5.090948 ^ _125_/Y (sky130_fd_sc_hd__inv_2)
                                                         _091_ (net)
                      0.023043    0.000235    5.091184 ^ _171_/A (sky130_fd_sc_hd__and2_1)
     1    0.002865    0.032851    0.066208    5.157392 ^ _171_/X (sky130_fd_sc_hd__and2_1)
                                                         _024_ (net)
                      0.032852    0.000179    5.157570 ^ _172_/C (sky130_fd_sc_hd__or4b_1)
     1    0.003639    0.032841    0.067686    5.225257 ^ _172_/X (sky130_fd_sc_hd__or4b_1)
                                                         _025_ (net)
                      0.032844    0.000243    5.225500 ^ _227_/A2 (sky130_fd_sc_hd__o31a_1)
     1    0.002653    0.029910    0.075715    5.301215 ^ _227_/X (sky130_fd_sc_hd__o31a_1)
                                                         _000_ (net)
                      0.029912    0.000191    5.301406 ^ _228_/D (sky130_fd_sc_hd__dfxtp_1)
                                              5.301406   data arrival time

                                  0.000000    0.000000   clock clk (rise edge)
                                  0.000000    0.000000   clock source latency
     1    0.005197    0.022334    0.013537    0.013537 ^ clk (in)
                                                         clk (net)
                      0.022338    0.000000    0.013537 ^ _228_/CLK (sky130_fd_sc_hd__dfxtp_1)
                                  0.250000    0.263537   clock uncertainty
                                  0.000000    0.263537   clock reconvergence pessimism
                                 -0.017430    0.246107   library hold time
                                              0.246107   data required time
---------------------------------------------------------------------------------------------
                                              0.246107   data required time
                                             -5.301406   data arrival time
---------------------------------------------------------------------------------------------
                                              5.055299   slack (MET)


Startpoint: _228_ (rising edge-triggered flip-flop clocked by clk)
Endpoint: z (output port clocked by clk)
Path Group: clk
Path Type: min

Fanout         Cap        Slew       Delay        Time   Description
---------------------------------------------------------------------------------------------
                                  0.000000    0.000000   clock clk (rise edge)
                                  0.000000    0.000000   clock source latency
     1    0.005197    0.022334    0.013537    0.013537 ^ clk (in)
                                                         clk (net)
                      0.022338    0.000000    0.013537 ^ _228_/CLK (sky130_fd_sc_hd__dfxtp_1)
     1    0.006468    0.029629    0.192269    0.205806 v _228_/Q (sky130_fd_sc_hd__dfxtp_1)
                                                         net65 (net)
                      0.029646    0.000582    0.206387 v output65/A (sky130_fd_sc_hd__buf_2)
     1    0.034327    0.062894    0.116438    0.322825 v output65/X (sky130_fd_sc_hd__buf_2)
                                                         z (net)
                      0.062956    0.001648    0.324473 v z (out)
                                              0.324473   data arrival time

                                  0.000000    0.000000   clock clk (rise edge)
                                  0.000000    0.000000   clock network delay (propagated)
                                  0.250000    0.250000   clock uncertainty
                                  0.000000    0.250000   clock reconvergence pessimism
                                 -5.000000   -4.750000   output external delay
                                             -4.750000   data required time
---------------------------------------------------------------------------------------------
                                             -4.750000   data required time
                                             -0.324473   data arrival time
---------------------------------------------------------------------------------------------
                                              5.074472   slack (MET)



