
===========================================================================
 report_power
============================================================================
======================= max_ff_n40C_1v95 Corner ===================================

Group                    Internal    Switching      Leakage        Total
                            Power        Power        Power        Power (Watts)
------------------------------------------------------------------------
Sequential           1.939896e-06 3.411546e-08 1.443827e-11 1.974026e-06   9.6%
Combinational        9.783323e-06 8.734574e-06 5.631692e-10 1.851846e-05  90.4%
Clock                0.000000e+00 0.000000e+00 2.661751e-10 2.661751e-10   0.0%
Macro                0.000000e+00 0.000000e+00 0.000000e+00 0.000000e+00   0.0%
Pad                  0.000000e+00 0.000000e+00 0.000000e+00 0.000000e+00   0.0%
------------------------------------------------------------------------
Total                1.172322e-05 8.768691e-06 8.437830e-10 2.049276e-05 100.0%
                            57.2%        42.8%         0.0%

