
===========================================================================
 report_power
============================================================================
======================= min_ff_n40C_1v95 Corner ===================================

Group                    Internal    Switching      Leakage        Total
                            Power        Power        Power        Power (Watts)
------------------------------------------------------------------------
Sequential           9.703941e-06 1.324539e-07 1.443827e-11 9.836410e-06   9.5%
Combinational        5.140809e-05 4.224179e-05 6.104142e-10 9.365049e-05  90.5%
Clock                0.000000e+00 0.000000e+00 2.471625e-10 2.471625e-10   0.0%
Macro                0.000000e+00 0.000000e+00 0.000000e+00 0.000000e+00   0.0%
Pad                  0.000000e+00 0.000000e+00 0.000000e+00 0.000000e+00   0.0%
------------------------------------------------------------------------
Total                6.111203e-05 4.237425e-05 8.720153e-10 1.034872e-04 100.0%
                            59.1%        40.9%         0.0%

