
===========================================================================
 report_power
============================================================================
======================= min_ss_100C_1v60 Corner ===================================

Group                    Internal    Switching      Leakage        Total
                            Power        Power        Power        Power (Watts)
------------------------------------------------------------------------
Sequential           6.607913e-06 8.700732e-08 1.351832e-08 6.708439e-06   9.0%
Combinational        3.910682e-05 2.764593e-05 8.308733e-07 6.758362e-05  91.0%
Clock                0.000000e+00 0.000000e+00 2.030039e-10 2.030039e-10   0.0%
Macro                0.000000e+00 0.000000e+00 0.000000e+00 0.000000e+00   0.0%
Pad                  0.000000e+00 0.000000e+00 0.000000e+00 0.000000e+00   0.0%
------------------------------------------------------------------------
Total                4.571475e-05 2.773293e-05 8.445946e-07 7.429227e-05 100.0%
                            61.5%        37.3%         1.1%

