
===========================================================================
 report_power
============================================================================
======================= max_ff_n40C_1v95 Corner ===================================

Group                    Internal    Switching      Leakage        Total
                            Power        Power        Power        Power (Watts)
------------------------------------------------------------------------
Sequential           1.939703e-06 2.902400e-08 1.443827e-11 1.968741e-06   9.6%
Combinational        9.782497e-06 8.656455e-06 5.631692e-10 1.843952e-05  90.4%
Clock                0.000000e+00 0.000000e+00 2.661751e-10 2.661751e-10   0.0%
Macro                0.000000e+00 0.000000e+00 0.000000e+00 0.000000e+00   0.0%
Pad                  0.000000e+00 0.000000e+00 0.000000e+00 0.000000e+00   0.0%
------------------------------------------------------------------------
Total                1.172220e-05 8.685479e-06 8.437830e-10 2.040852e-05 100.0%
                            57.4%        42.6%         0.0%

