
===========================================================================
 report_power
============================================================================
======================= nom_ss_100C_1v60 Corner ===================================

Group                    Internal    Switching      Leakage        Total
                            Power        Power        Power        Power (Watts)
------------------------------------------------------------------------
Sequential           1.320008e-06 1.845081e-08 1.351832e-08 1.351977e-06   8.9%
Combinational        7.466989e-06 5.523575e-06 7.976118e-07 1.378818e-05  91.1%
Clock                0.000000e+00 0.000000e+00 2.193723e-10 2.193723e-10   0.0%
Macro                0.000000e+00 0.000000e+00 0.000000e+00 0.000000e+00   0.0%
Pad                  0.000000e+00 0.000000e+00 0.000000e+00 0.000000e+00   0.0%
------------------------------------------------------------------------
Total                8.786998e-06 5.542026e-06 8.113495e-07 1.514037e-05 100.0%
                            58.0%        36.6%         5.4%

