
===========================================================================
 report_power
============================================================================
======================= nom_ff_n40C_1v95 Corner ===================================

Group                    Internal    Switching      Leakage        Total
                            Power        Power        Power        Power (Watts)
------------------------------------------------------------------------
Sequential           9.789510e-06 8.607751e-07 1.453570e-11 1.065030e-05  12.6%
Combinational        5.159467e-05 2.253869e-05 9.623912e-10 7.413432e-05  87.4%
Clock                0.000000e+00 0.000000e+00 0.000000e+00 0.000000e+00   0.0%
Macro                0.000000e+00 0.000000e+00 0.000000e+00 0.000000e+00   0.0%
Pad                  0.000000e+00 0.000000e+00 0.000000e+00 0.000000e+00   0.0%
------------------------------------------------------------------------
Total                6.138418e-05 2.339947e-05 9.769269e-10 8.478462e-05 100.0%
                            72.4%        27.6%         0.0%

