
===========================================================================
 report_power
============================================================================
======================= nom_ss_100C_1v60 Corner ===================================

Group                    Internal    Switching      Leakage        Total
                            Power        Power        Power        Power (Watts)
------------------------------------------------------------------------
Sequential           1.301538e-06 2.890650e-08 1.351832e-08 1.343962e-06   8.3%
Combinational        7.471145e-06 6.534824e-06 7.976118e-07 1.480358e-05  91.7%
Clock                -1.399523e-09 0.000000e+00 4.733260e-10 -9.261970e-10  -0.0%
Macro                0.000000e+00 0.000000e+00 0.000000e+00 0.000000e+00   0.0%
Pad                  0.000000e+00 0.000000e+00 0.000000e+00 0.000000e+00   0.0%
------------------------------------------------------------------------
Total                8.771281e-06 6.563730e-06 8.116035e-07 1.614662e-05 100.0%
                            54.3%        40.7%         5.0%

