
===========================================================================
report_checks -path_delay max (Setup)
============================================================================
======================= min_tt_025C_1v80 Corner ===================================

Startpoint: a[30] (input port clocked by clk)
Endpoint: _228_ (rising edge-triggered flip-flop clocked by clk)
Path Group: clk
Path Type: max

Fanout         Cap        Slew       Delay        Time   Description
---------------------------------------------------------------------------------------------
                                  0.000000    0.000000   clock clk (rise edge)
                                  0.000000    0.000000   clock network delay (propagated)
                                  5.000000    5.000000 ^ input external delay
     1    0.003376    0.022224    0.012323    5.012323 ^ a[30] (in)
                                                         a[30] (net)
                      0.022224    0.000000    5.012323 ^ input24/A (sky130_fd_sc_hd__buf_1)
     2    0.007489    0.096260    0.110114    5.122437 ^ input24/X (sky130_fd_sc_hd__buf_1)
                                                         net24 (net)
                      0.096260    0.000056    5.122493 ^ _133_/A_N (sky130_fd_sc_hd__and2b_1)
     2    0.005583    0.045291    0.196911    5.319404 v _133_/X (sky130_fd_sc_hd__and2b_1)
                                                         _099_ (net)
                      0.045291    0.000046    5.319450 v _137_/B1 (sky130_fd_sc_hd__a2111o_1)
     2    0.004947    0.069645    0.390645    5.710095 v _137_/X (sky130_fd_sc_hd__a2111o_1)
                                                         _103_ (net)
                      0.069645    0.000044    5.710139 v _141_/A (sky130_fd_sc_hd__or4b_1)
     3    0.007224    0.111223    0.560513    6.270652 v _141_/X (sky130_fd_sc_hd__or4b_1)
                                                         _107_ (net)
                      0.111223    0.000082    6.270734 v _152_/A (sky130_fd_sc_hd__or3_1)
     2    0.007024    0.088727    0.417296    6.688030 v _152_/X (sky130_fd_sc_hd__or3_1)
                                                         _005_ (net)
                      0.088727    0.000136    6.688166 v _163_/A (sky130_fd_sc_hd__or2_1)
     1    0.002670    0.047090    0.235100    6.923266 v _163_/X (sky130_fd_sc_hd__or2_1)
                                                         _016_ (net)
                      0.047090    0.000015    6.923280 v _227_/A1 (sky130_fd_sc_hd__o31a_1)
     1    0.002173    0.043520    0.282495    7.205776 v _227_/X (sky130_fd_sc_hd__o31a_1)
                                                         _000_ (net)
                      0.043520    0.000021    7.205797 v _228_/D (sky130_fd_sc_hd__dfxtp_1)
                                              7.205797   data arrival time

                                 25.000000   25.000000   clock clk (rise edge)
                                  0.000000   25.000000   clock source latency
     2    0.007860    0.041893    0.027089   25.027088 ^ clk (in)
                                                         clk (net)
                      0.041893    0.000000   25.027088 ^ _228_/CLK (sky130_fd_sc_hd__dfxtp_1)
                                 -0.250000   24.777090   clock uncertainty
                                  0.000000   24.777090   clock reconvergence pessimism
                                 -0.110606   24.666483   library setup time
                                             24.666483   data required time
---------------------------------------------------------------------------------------------
                                             24.666483   data required time
                                             -7.205797   data arrival time
---------------------------------------------------------------------------------------------
                                             17.460686   slack (MET)


Startpoint: _228_ (rising edge-triggered flip-flop clocked by clk)
Endpoint: z (output port clocked by clk)
Path Group: clk
Path Type: max

Fanout         Cap        Slew       Delay        Time   Description
---------------------------------------------------------------------------------------------
                                  0.000000    0.000000   clock clk (rise edge)
                                  0.000000    0.000000   clock source latency
     2    0.007860    0.041893    0.027090    0.027090 ^ clk (in)
                                                         clk (net)
                      0.041893    0.000000    0.027090 ^ _228_/CLK (sky130_fd_sc_hd__dfxtp_1)
     1    0.007773    0.083358    0.331414    0.358504 ^ _228_/Q (sky130_fd_sc_hd__dfxtp_1)
                                                         net65 (net)
                      0.083358    0.000256    0.358759 ^ output65/A (sky130_fd_sc_hd__buf_2)
     1    0.034059    0.169293    0.211870    0.570629 ^ output65/X (sky130_fd_sc_hd__buf_2)
                                                         z (net)
                      0.169293    0.000171    0.570800 ^ z (out)
                                              0.570800   data arrival time

                                 25.000000   25.000000   clock clk (rise edge)
                                  0.000000   25.000000   clock network delay (propagated)
                                 -0.250000   24.750000   clock uncertainty
                                  0.000000   24.750000   clock reconvergence pessimism
                                 -5.000000   19.750000   output external delay
                                             19.750000   data required time
---------------------------------------------------------------------------------------------
                                             19.750000   data required time
                                             -0.570800   data arrival time
---------------------------------------------------------------------------------------------
                                             19.179199   slack (MET)



