
===========================================================================
report_checks -path_delay min (Hold)
============================================================================
======================= nom_tt_025C_1v80 Corner ===================================

Startpoint: b[16] (input port clocked by clk)
Endpoint: _228_ (rising edge-triggered flip-flop clocked by clk)
Path Group: clk
Path Type: min

Fanout         Cap        Slew       Delay        Time   Description
---------------------------------------------------------------------------------------------
                                  0.000000    0.000000   clock clk (rise edge)
                                  0.000000    0.000000   clock network delay (propagated)
                                  5.000000    5.000000 v input external delay
     1    0.003015    0.009132    0.004799    5.004799 v b[16] (in)
                                                         b[16] (net)
                      0.009132    0.000000    5.004799 v input40/A (sky130_fd_sc_hd__clkbuf_1)
     1    0.005514    0.040670    0.085124    5.089923 v input40/X (sky130_fd_sc_hd__clkbuf_1)
                                                         net40 (net)
                      0.040670    0.000180    5.090103 v _125_/A (sky130_fd_sc_hd__inv_2)
     2    0.004877    0.029931    0.045422    5.135525 ^ _125_/Y (sky130_fd_sc_hd__inv_2)
                                                         _091_ (net)
                      0.029931    0.000099    5.135624 ^ _171_/A (sky130_fd_sc_hd__and2_1)
     1    0.002661    0.044934    0.103496    5.239120 ^ _171_/X (sky130_fd_sc_hd__and2_1)
                                                         _024_ (net)
                      0.044934    0.000076    5.239196 ^ _172_/C (sky130_fd_sc_hd__or4b_1)
     1    0.003168    0.040961    0.097508    5.336705 ^ _172_/X (sky130_fd_sc_hd__or4b_1)
                                                         _025_ (net)
                      0.040961    0.000093    5.336797 ^ _227_/A2 (sky130_fd_sc_hd__o31a_1)
     1    0.002560    0.042604    0.117794    5.454592 ^ _227_/X (sky130_fd_sc_hd__o31a_1)
                                                         _000_ (net)
                      0.042604    0.000075    5.454666 ^ _228_/D (sky130_fd_sc_hd__dfxtp_1)
                                              5.454666   data arrival time

                                  0.000000    0.000000   clock clk (rise edge)
                                  0.000000    0.000000   clock source latency
     1    0.004806    0.028449    0.017265    0.017265 ^ clk (in)
                                                         clk (net)
                      0.028450    0.000000    0.017265 ^ _228_/CLK (sky130_fd_sc_hd__dfxtp_1)
                                  0.250000    0.267265   clock uncertainty
                                  0.000000    0.267265   clock reconvergence pessimism
                                 -0.032949    0.234316   library hold time
                                              0.234316   data required time
---------------------------------------------------------------------------------------------
                                              0.234316   data required time
                                             -5.454666   data arrival time
---------------------------------------------------------------------------------------------
                                              5.220350   slack (MET)


Startpoint: _228_ (rising edge-triggered flip-flop clocked by clk)
Endpoint: z (output port clocked by clk)
Path Group: clk
Path Type: min

Fanout         Cap        Slew       Delay        Time   Description
---------------------------------------------------------------------------------------------
                                  0.000000    0.000000   clock clk (rise edge)
                                  0.000000    0.000000   clock source latency
     1    0.004806    0.028449    0.017265    0.017265 ^ clk (in)
                                                         clk (net)
                      0.028450    0.000000    0.017265 ^ _228_/CLK (sky130_fd_sc_hd__dfxtp_1)
     1    0.005218    0.036526    0.295242    0.312507 v _228_/Q (sky130_fd_sc_hd__dfxtp_1)
                                                         net65 (net)
                      0.036526    0.000185    0.312693 v output65/A (sky130_fd_sc_hd__buf_2)
     1    0.034339    0.089748    0.176549    0.489242 v output65/X (sky130_fd_sc_hd__buf_2)
                                                         z (net)
                      0.089753    0.000698    0.489940 v z (out)
                                              0.489940   data arrival time

                                  0.000000    0.000000   clock clk (rise edge)
                                  0.000000    0.000000   clock network delay (propagated)
                                  0.250000    0.250000   clock uncertainty
                                  0.000000    0.250000   clock reconvergence pessimism
                                 -5.000000   -4.750000   output external delay
                                             -4.750000   data required time
---------------------------------------------------------------------------------------------
                                             -4.750000   data required time
                                             -0.489940   data arrival time
---------------------------------------------------------------------------------------------
                                              5.239940   slack (MET)



