
===========================================================================
report_checks -path_delay min (Hold)
============================================================================
======================= min_tt_025C_1v80 Corner ===================================

Startpoint: a[16] (input port clocked by clk)
Endpoint: _228_ (rising edge-triggered flip-flop clocked by clk)
Path Group: clk
Path Type: min

Fanout         Cap        Slew       Delay        Time   Description
---------------------------------------------------------------------------------------------
                                  0.000000    0.000000   clock clk (rise edge)
                                  0.000000    0.000000   clock network delay (propagated)
                                  5.000000    5.000000 ^ input external delay
     1    0.002910    0.020209    0.010683    5.010684 ^ a[16] (in)
                                                         a[16] (net)
                      0.020209    0.000000    5.010684 ^ input8/A (sky130_fd_sc_hd__clkbuf_1)
     2    0.006225    0.082138    0.099299    5.109982 ^ input8/X (sky130_fd_sc_hd__clkbuf_1)
                                                         net8 (net)
                      0.082139    0.000094    5.110076 ^ _171_/B (sky130_fd_sc_hd__and2_1)
     1    0.002548    0.044004    0.123354    5.233430 ^ _171_/X (sky130_fd_sc_hd__and2_1)
                                                         _024_ (net)
                      0.044004    0.000028    5.233458 ^ _172_/C (sky130_fd_sc_hd__or4b_1)
     1    0.003403    0.042868    0.098813    5.332271 ^ _172_/X (sky130_fd_sc_hd__or4b_1)
                                                         _025_ (net)
                      0.042868    0.000038    5.332309 ^ _227_/A2 (sky130_fd_sc_hd__o31a_1)
     1    0.002441    0.041570    0.117422    5.449731 ^ _227_/X (sky130_fd_sc_hd__o31a_1)
                                                         _000_ (net)
                      0.041570    0.000026    5.449757 ^ _228_/D (sky130_fd_sc_hd__dfxtp_1)
                                              5.449757   data arrival time

                                  0.000000    0.000000   clock clk (rise edge)
                                  0.000000    0.000000   clock source latency
     1    0.004576    0.027448    0.016490    0.016490 ^ clk (in)
                                                         clk (net)
                      0.027449    0.000000    0.016490 ^ _228_/CLK (sky130_fd_sc_hd__dfxtp_1)
                                  0.250000    0.266490   clock uncertainty
                                  0.000000    0.266490   clock reconvergence pessimism
                                 -0.032864    0.233626   library hold time
                                              0.233626   data required time
---------------------------------------------------------------------------------------------
                                              0.233626   data required time
                                             -5.449757   data arrival time
---------------------------------------------------------------------------------------------
                                              5.216131   slack (MET)


Startpoint: _228_ (rising edge-triggered flip-flop clocked by clk)
Endpoint: z (output port clocked by clk)
Path Group: clk
Path Type: min

Fanout         Cap        Slew       Delay        Time   Description
---------------------------------------------------------------------------------------------
                                  0.000000    0.000000   clock clk (rise edge)
                                  0.000000    0.000000   clock source latency
     1    0.004576    0.027448    0.016490    0.016490 ^ clk (in)
                                                         clk (net)
                      0.027449    0.000000    0.016490 ^ _228_/CLK (sky130_fd_sc_hd__dfxtp_1)
     1    0.005533    0.037870    0.296173    0.312663 v _228_/Q (sky130_fd_sc_hd__dfxtp_1)
                                                         net65 (net)
                      0.037870    0.000132    0.312795 v output65/A (sky130_fd_sc_hd__buf_2)
     1    0.034181    0.089187    0.177232    0.490028 v output65/X (sky130_fd_sc_hd__buf_2)
                                                         z (net)
                      0.089187    0.000201    0.490229 v z (out)
                                              0.490229   data arrival time

                                  0.000000    0.000000   clock clk (rise edge)
                                  0.000000    0.000000   clock network delay (propagated)
                                  0.250000    0.250000   clock uncertainty
                                  0.000000    0.250000   clock reconvergence pessimism
                                 -5.000000   -4.750000   output external delay
                                             -4.750000   data required time
---------------------------------------------------------------------------------------------
                                             -4.750000   data required time
                                             -0.490229   data arrival time
---------------------------------------------------------------------------------------------
                                              5.240229   slack (MET)



