
===========================================================================
report_checks -path_delay max (Setup)
============================================================================
======================= min_ss_100C_1v60 Corner ===================================

Startpoint: a[30] (input port clocked by clk)
Endpoint: _228_ (rising edge-triggered flip-flop clocked by clk)
Path Group: clk
Path Type: max

Fanout         Cap        Slew       Delay        Time   Description
---------------------------------------------------------------------------------------------
                                  0.000000    0.000000   clock clk (rise edge)
                                  0.000000    0.000000   clock network delay (propagated)
                                  5.000000    5.000000 ^ input external delay
     1    0.002906    0.032956    0.016328    5.016328 ^ a[30] (in)
                                                         a[30] (net)
                      0.032956    0.000000    5.016328 ^ input24/A (sky130_fd_sc_hd__buf_1)
     2    0.007104    0.152792    0.190225    5.206553 ^ input24/X (sky130_fd_sc_hd__buf_1)
                                                         net24 (net)
                      0.152792    0.000050    5.206604 ^ _133_/A_N (sky130_fd_sc_hd__and2b_1)
     2    0.005999    0.091588    0.419613    5.626216 v _133_/X (sky130_fd_sc_hd__and2b_1)
                                                         _099_ (net)
                      0.091588    0.000070    5.626286 v _137_/B1 (sky130_fd_sc_hd__a2111o_1)
     2    0.005058    0.131759    0.771638    6.397924 v _137_/X (sky130_fd_sc_hd__a2111o_1)
                                                         _103_ (net)
                      0.131759    0.000056    6.397980 v _141_/A (sky130_fd_sc_hd__or4b_1)
     3    0.007919    0.237163    1.319807    7.717788 v _141_/X (sky130_fd_sc_hd__or4b_1)
                                                         _107_ (net)
                      0.237163    0.000102    7.717890 v _152_/A (sky130_fd_sc_hd__or3_1)
     2    0.005658    0.165884    0.950745    8.668635 v _152_/X (sky130_fd_sc_hd__or3_1)
                                                         _005_ (net)
                      0.165884    0.000091    8.668726 v _163_/A (sky130_fd_sc_hd__or2_1)
     1    0.002877    0.100554    0.533301    9.202028 v _163_/X (sky130_fd_sc_hd__or2_1)
                                                         _016_ (net)
                      0.100554    0.000017    9.202044 v _227_/A1 (sky130_fd_sc_hd__o31a_1)
     1    0.002387    0.081489    0.555648    9.757692 v _227_/X (sky130_fd_sc_hd__o31a_1)
                                                         _000_ (net)
                      0.081489    0.000025    9.757717 v _228_/D (sky130_fd_sc_hd__dfxtp_1)
                                              9.757717   data arrival time

                                 25.000000   25.000000   clock clk (rise edge)
                                  0.000000   25.000000   clock source latency
     1    0.004417    0.043195    0.024329   25.024328 ^ clk (in)
                                                         clk (net)
                      0.043195    0.000000   25.024328 ^ _228_/CLK (sky130_fd_sc_hd__dfxtp_1)
                                 -0.250000   24.774328   clock uncertainty
                                  0.000000   24.774328   clock reconvergence pessimism
                                 -0.280978   24.493353   library setup time
                                             24.493353   data required time
---------------------------------------------------------------------------------------------
                                             24.493353   data required time
                                             -9.757717   data arrival time
---------------------------------------------------------------------------------------------
                                             14.735635   slack (MET)


Startpoint: _228_ (rising edge-triggered flip-flop clocked by clk)
Endpoint: z (output port clocked by clk)
Path Group: clk
Path Type: max

Fanout         Cap        Slew       Delay        Time   Description
---------------------------------------------------------------------------------------------
                                  0.000000    0.000000   clock clk (rise edge)
                                  0.000000    0.000000   clock source latency
     1    0.004417    0.043195    0.024328    0.024328 ^ clk (in)
                                                         clk (net)
                      0.043195    0.000000    0.024328 ^ _228_/CLK (sky130_fd_sc_hd__dfxtp_1)
     1    0.005639    0.105997    0.643194    0.667522 ^ _228_/Q (sky130_fd_sc_hd__dfxtp_1)
                                                         net65 (net)
                      0.105997    0.000136    0.667658 ^ output65/A (sky130_fd_sc_hd__buf_2)
     1    0.034181    0.271535    0.360154    1.027812 ^ output65/X (sky130_fd_sc_hd__buf_2)
                                                         z (net)
                      0.271535    0.000201    1.028013 ^ z (out)
                                              1.028013   data arrival time

                                 25.000000   25.000000   clock clk (rise edge)
                                  0.000000   25.000000   clock network delay (propagated)
                                 -0.250000   24.750000   clock uncertainty
                                  0.000000   24.750000   clock reconvergence pessimism
                                 -5.000000   19.750000   output external delay
                                             19.750000   data required time
---------------------------------------------------------------------------------------------
                                             19.750000   data required time
                                             -1.028013   data arrival time
---------------------------------------------------------------------------------------------
                                             18.721987   slack (MET)



