
===========================================================================
report_checks -path_delay min (Hold)
============================================================================
======================= min_ss_100C_1v60 Corner ===================================

Startpoint: a[16] (input port clocked by clk)
Endpoint: _228_ (rising edge-triggered flip-flop clocked by clk)
Path Group: clk
Path Type: min

Fanout         Cap        Slew       Delay        Time   Description
---------------------------------------------------------------------------------------------
                                  0.000000    0.000000   clock clk (rise edge)
                                  0.000000    0.000000   clock network delay (propagated)
                                  5.000000    5.000000 ^ input external delay
     1    0.002844    0.032545    0.016002    5.016003 ^ a[16] (in)
                                                         a[16] (net)
                      0.032545    0.000000    5.016003 ^ input8/A (sky130_fd_sc_hd__clkbuf_1)
     2    0.006125    0.131117    0.177199    5.193201 ^ input8/X (sky130_fd_sc_hd__clkbuf_1)
                                                         net8 (net)
                      0.131117    0.000092    5.193294 ^ _171_/B (sky130_fd_sc_hd__and2_1)
     1    0.002465    0.075169    0.244845    5.438138 ^ _171_/X (sky130_fd_sc_hd__and2_1)
                                                         _024_ (net)
                      0.075169    0.000026    5.438164 ^ _172_/C (sky130_fd_sc_hd__or4b_1)
     1    0.003392    0.070465    0.179454    5.617618 ^ _172_/X (sky130_fd_sc_hd__or4b_1)
                                                         _025_ (net)
                      0.070465    0.000038    5.617656 ^ _227_/A2 (sky130_fd_sc_hd__o31a_1)
     1    0.002303    0.069874    0.236706    5.854362 ^ _227_/X (sky130_fd_sc_hd__o31a_1)
                                                         _000_ (net)
                      0.069874    0.000024    5.854386 ^ _228_/D (sky130_fd_sc_hd__dfxtp_1)
                                              5.854386   data arrival time

                                  0.000000    0.000000   clock clk (rise edge)
                                  0.000000    0.000000   clock source latency
     1    0.004417    0.043195    0.024328    0.024328 ^ clk (in)
                                                         clk (net)
                      0.043195    0.000000    0.024328 ^ _228_/CLK (sky130_fd_sc_hd__dfxtp_1)
                                  0.250000    0.274328   clock uncertainty
                                  0.000000    0.274328   clock reconvergence pessimism
                                 -0.076252    0.198077   library hold time
                                              0.198077   data required time
---------------------------------------------------------------------------------------------
                                              0.198077   data required time
                                             -5.854386   data arrival time
---------------------------------------------------------------------------------------------
                                              5.656309   slack (MET)


Startpoint: _228_ (rising edge-triggered flip-flop clocked by clk)
Endpoint: z (output port clocked by clk)
Path Group: clk
Path Type: min

Fanout         Cap        Slew       Delay        Time   Description
---------------------------------------------------------------------------------------------
                                  0.000000    0.000000   clock clk (rise edge)
                                  0.000000    0.000000   clock source latency
     1    0.004417    0.043195    0.024328    0.024328 ^ clk (in)
                                                         clk (net)
                      0.043195    0.000000    0.024328 ^ _228_/CLK (sky130_fd_sc_hd__dfxtp_1)
     1    0.005511    0.069393    0.582798    0.607126 v _228_/Q (sky130_fd_sc_hd__dfxtp_1)
                                                         net65 (net)
                      0.069393    0.000132    0.607258 v output65/A (sky130_fd_sc_hd__buf_2)
     1    0.034181    0.165359    0.344335    0.951593 v output65/X (sky130_fd_sc_hd__buf_2)
                                                         z (net)
                      0.165359    0.000201    0.951794 v z (out)
                                              0.951794   data arrival time

                                  0.000000    0.000000   clock clk (rise edge)
                                  0.000000    0.000000   clock network delay (propagated)
                                  0.250000    0.250000   clock uncertainty
                                  0.000000    0.250000   clock reconvergence pessimism
                                 -5.000000   -4.750000   output external delay
                                             -4.750000   data required time
---------------------------------------------------------------------------------------------
                                             -4.750000   data required time
                                             -0.951794   data arrival time
---------------------------------------------------------------------------------------------
                                              5.701795   slack (MET)



