
===========================================================================
report_checks -path_delay min (Hold)
============================================================================
======================= nom_tt_025C_1v80 Corner ===================================

Startpoint: a[16] (input port clocked by clk)
Endpoint: _228_ (rising edge-triggered flip-flop clocked by clk)
Path Group: clk
Path Type: min

Fanout         Cap        Slew       Delay        Time   Description
---------------------------------------------------------------------------------------------
                                  0.000000    0.000000   clock clk (rise edge)
                                  0.000000    0.000000   clock network delay (propagated)
                                  5.000000    5.000000 ^ input external delay
     1    0.002630    0.019009    0.009701    5.009701 ^ a[16] (in)
                                                         a[16] (net)
                      0.019009    0.000000    5.009701 ^ input8/A (sky130_fd_sc_hd__clkbuf_1)
     2    0.005455    0.073487    0.092769    5.102470 ^ input8/X (sky130_fd_sc_hd__clkbuf_1)
                                                         net8 (net)
                      0.073487    0.000069    5.102540 ^ _171_/B (sky130_fd_sc_hd__and2_1)
     1    0.002131    0.040642    0.117716    5.220255 ^ _171_/X (sky130_fd_sc_hd__and2_1)
                                                         _024_ (net)
                      0.040642    0.000011    5.220267 ^ _172_/C (sky130_fd_sc_hd__or4b_1)
     1    0.002961    0.039322    0.094459    5.314725 ^ _172_/X (sky130_fd_sc_hd__or4b_1)
                                                         _025_ (net)
                      0.039322    0.000014    5.314739 ^ _227_/A2 (sky130_fd_sc_hd__o31a_1)
     1    0.002127    0.039964    0.113803    5.428542 ^ _227_/X (sky130_fd_sc_hd__o31a_1)
                                                         _000_ (net)
                      0.039964    0.000010    5.428552 ^ _228_/D (sky130_fd_sc_hd__dfxtp_1)
                                              5.428552   data arrival time

                                  0.000000    0.000000   clock clk (rise edge)
                                  0.000000    0.000000   clock source latency
     1    0.001877    0.016287    0.007062    0.007062 ^ clk (in)
                                                         clk (net)
                      0.016287    0.000000    0.007062 ^ _228_/CLK (sky130_fd_sc_hd__dfxtp_1)
                                  0.250000    0.257062   clock uncertainty
                                  0.000000    0.257062   clock reconvergence pessimism
                                 -0.033997    0.223065   library hold time
                                              0.223065   data required time
---------------------------------------------------------------------------------------------
                                              0.223065   data required time
                                             -5.428552   data arrival time
---------------------------------------------------------------------------------------------
                                              5.205487   slack (MET)


Startpoint: _228_ (rising edge-triggered flip-flop clocked by clk)
Endpoint: z (output port clocked by clk)
Path Group: clk
Path Type: min

Fanout         Cap        Slew       Delay        Time   Description
---------------------------------------------------------------------------------------------
                                  0.000000    0.000000   clock clk (rise edge)
                                  0.000000    0.000000   clock source latency
     1    0.001877    0.016287    0.007062    0.007062 ^ clk (in)
                                                         clk (net)
                      0.016287    0.000000    0.007062 ^ _228_/CLK (sky130_fd_sc_hd__dfxtp_1)
     1    0.003369    0.029155    0.283300    0.290361 v _228_/Q (sky130_fd_sc_hd__dfxtp_1)
                                                         net65 (net)
                      0.029155    0.000049    0.290411 v output65/A (sky130_fd_sc_hd__buf_2)
     1    0.034050    0.088985    0.173205    0.463616 v output65/X (sky130_fd_sc_hd__buf_2)
                                                         z (net)
                      0.088985    0.000235    0.463851 v z (out)
                                              0.463851   data arrival time

                                  0.000000    0.000000   clock clk (rise edge)
                                  0.000000    0.000000   clock network delay (propagated)
                                  0.250000    0.250000   clock uncertainty
                                  0.000000    0.250000   clock reconvergence pessimism
                                 -5.000000   -4.750000   output external delay
                                             -4.750000   data required time
---------------------------------------------------------------------------------------------
                                             -4.750000   data required time
                                             -0.463851   data arrival time
---------------------------------------------------------------------------------------------
                                              5.213851   slack (MET)



